Blue_crowned_Trogon_split_149.wav|Blue_crowned_Trogon
Gray_Antbird_split_432.wav|Gray_Antbird
Gray_Wagtail_split_1735.wav|Gray_Wagtail
White_winged_Becard_split_445.wav|White_winged_Becard
Red_shouldered_Hawk_split_249.wav|Red_shouldered_Hawk
Eastern_Towhee_split_558.wav|Eastern_Towhee
Chukar_split_096.wav|Chukar
Wild_Turkey_split_264.wav|Wild_Turkey
Eurasian_Blackbird_split_5731.wav|Eurasian_Blackbird
Black_headed_Grosbeak_split_963.wav|Black_headed_Grosbeak
Amazonian_Barred_Woodcreeper_split_177.wav|Amazonian_Barred_Woodcreeper
Veery_split_1062.wav|Veery
Black_tailed_Trogon_split_111.wav|Black_tailed_Trogon
American_Pipit_split_200.wav|American_Pipit
Gilded_Barbet_split_027.wav|Gilded_Barbet
Yellow_bellied_Sapsucker_split_140.wav|Yellow_bellied_Sapsucker
Black_throated_Green_Warbler_split_684.wav|Black_throated_Green_Warbler
Black_headed_Grosbeak_split_191.wav|Black_headed_Grosbeak
Solitary_Sandpiper_split_088.wav|Solitary_Sandpiper
Collared_Forest_Falcon_split_417.wav|Collared_Forest_Falcon
Tufted_Titmouse_split_312.wav|Tufted_Titmouse
Alder_Flycatcher_split_131.wav|Alder_Flycatcher
Acorn_Woodpecker_split_208.wav|Acorn_Woodpecker
Black_throated_Antbird_split_202.wav|Black_throated_Antbird
Purple_throated_Euphonia_split_043.wav|Purple_throated_Euphonia
Common_Waxbill_split_1112.wav|Common_Waxbill
Red_breasted_Nuthatch_split_096.wav|Red_breasted_Nuthatch
Nashville_Warbler_split_836.wav|Nashville_Warbler
Amazonian_Motmot_split_013.wav|Amazonian_Motmot
Scaled_Pigeon_split_071.wav|Scaled_Pigeon
Solitary_Black_Cacique_split_269.wav|Solitary_Black_Cacique
Carolina_Wren_split_1371.wav|Carolina_Wren
European_Robin_split_3442.wav|European_Robin
Red_necked_Woodpecker_split_116.wav|Red_necked_Woodpecker
Eastern_Wood_Pewee_split_520.wav|Eastern_Wood_Pewee
Yellow_bellied_Elaenia_split_428.wav|Yellow_bellied_Elaenia
Long_tailed_Tit_split_3057.wav|Long_tailed_Tit
Cinereous_Mourner_split_067.wav|Cinereous_Mourner
White_necked_Thrush_split_103.wav|White_necked_Thrush
Carrion_Crow_split_533.wav|Carrion_Crow
Brown_Creeper_split_878.wav|Brown_Creeper
Ochre_throated_Foliage_gleaner_split_271.wav|Ochre_throated_Foliage_gleaner
Solitary_Black_Cacique_split_083.wav|Solitary_Black_Cacique
Yellow_crowned_Tyrannulet_split_024.wav|Yellow_crowned_Tyrannulet
Silver_beaked_Tanager_split_327.wav|Silver_beaked_Tanager
American_Redstart_split_1740.wav|American_Redstart
Common_Tody_Flycatcher_split_069.wav|Common_Tody_Flycatcher
Red_crowned_Ant_Tanager_split_023.wav|Red_crowned_Ant_Tanager
Evening_Grosbeak_split_492.wav|Evening_Grosbeak
Dull_capped_Attila_split_271.wav|Dull_capped_Attila
Mallard_split_094.wav|Mallard
European_Robin_split_3587.wav|European_Robin
Long_tailed_Tit_split_2129.wav|Long_tailed_Tit
Musician_Wren_split_472.wav|Musician_Wren
Yellow_tufted_Woodpecker_split_025.wav|Yellow_tufted_Woodpecker
Clay_colored_Thrush_split_593.wav|Clay_colored_Thrush
Ferruginous_Pygmy_Owl_split_720.wav|Ferruginous_Pygmy_Owl
Tropical_Screech_Owl_split_137.wav|Tropical_Screech_Owl
Hairy_Woodpecker_split_131.wav|Hairy_Woodpecker
Eastern_Subalpine_Warbler_split_1222.wav|Eastern_Subalpine_Warbler
Eastern_Subalpine_Warbler_split_1444.wav|Eastern_Subalpine_Warbler
Eurasian_Magpie_split_770.wav|Eurasian_Magpie
White_throated_Sparrow_split_1424.wav|White_throated_Sparrow
Yellow_margined_Flatbill_split_011.wav|Yellow_margined_Flatbill
Blue_headed_Parrot_split_228.wav|Blue_headed_Parrot
Plain_brown_Woodcreeper_split_255.wav|Plain_brown_Woodcreeper
Black_headed_Grosbeak_split_391.wav|Black_headed_Grosbeak
Blue_Jay_split_658.wav|Blue_Jay
Western_Tanager_split_1243.wav|Western_Tanager
Great_Tit_split_965.wav|Great_Tit
American_Goldfinch_split_813.wav|American_Goldfinch
Ringed_Antpipit_split_232.wav|Ringed_Antpipit
Zitting_Cisticola_split_1458.wav|Zitting_Cisticola
Common_Waxbill_split_380.wav|Common_Waxbill
Sardinian_Warbler_split_2055.wav|Sardinian_Warbler
Tennessee_Warbler_split_223.wav|Tennessee_Warbler
Screaming_Piha_split_251.wav|Screaming_Piha
Pileated_Woodpecker_split_219.wav|Pileated_Woodpecker
Long_tailed_Manakin_split_129.wav|Long_tailed_Manakin
Black_capped_Chickadee_split_825.wav|Black_capped_Chickadee
Purple_throated_Fruitcrow_split_439.wav|Purple_throated_Fruitcrow
Dusky_Flycatcher_split_356.wav|Dusky_Flycatcher
Slate_throated_Redstart_split_394.wav|Slate_throated_Redstart
Laughing_Falcon_split_152.wav|Laughing_Falcon
Great_tailed_Grackle_split_1703.wav|Great_tailed_Grackle
Coal_Tit_split_1784.wav|Coal_Tit
Coal_Tit_split_1899.wav|Coal_Tit
Ringed_Antpipit_split_119.wav|Ringed_Antpipit
Keel_billed_Toucan_split_151.wav|Keel_billed_Toucan
Plumbeous_Pigeon_split_333.wav|Plumbeous_Pigeon
Blue_headed_Vireo_split_1129.wav|Blue_headed_Vireo
Yellow_Warbler_split_263.wav|Yellow_Warbler
Golden_crowned_Kinglet_split_738.wav|Golden_crowned_Kinglet
Lineated_Woodpecker_split_133.wav|Lineated_Woodpecker
Montezuma_Oropendola_split_022.wav|Montezuma_Oropendola
Barred_Antshrike_split_1121.wav|Barred_Antshrike
Black_faced_Antthrush_split_237.wav|Black_faced_Antthrush
Yellow_crowned_Tyrannulet_split_143.wav|Yellow_crowned_Tyrannulet
Black_Francolin_split_115.wav|Black_Francolin
Little_Tinamou_split_328.wav|Little_Tinamou
Fasciated_Antshrike_split_697.wav|Fasciated_Antshrike
Great_Kiskadee_split_1749.wav|Great_Kiskadee
Ovenbird_split_1039.wav|Ovenbird
Spotted_Flycatcher_split_735.wav|Spotted_Flycatcher
Hermit_Thrush_split_425.wav|Hermit_Thrush
Ferruginous_Pygmy_Owl_split_1537.wav|Ferruginous_Pygmy_Owl
Sardinian_Warbler_split_089.wav|Sardinian_Warbler
Eastern_Phoebe_split_486.wav|Eastern_Phoebe
Brown_Jay_split_125.wav|Brown_Jay
Marsh_Tit_split_399.wav|Marsh_Tit
Dusky_capped_Flycatcher_split_074.wav|Dusky_capped_Flycatcher
Black_and_white_Warbler_split_859.wav|Black_and_white_Warbler
Blue_crowned_Trogon_split_042.wav|Blue_crowned_Trogon
Veery_split_457.wav|Veery
Dusky_capped_Greenlet_split_224.wav|Dusky_capped_Greenlet
White_lored_Tyrannulet_split_330.wav|White_lored_Tyrannulet
Warbling_White_eye_split_176.wav|Warbling_White_eye
Black_spotted_Bare_eye_split_094.wav|Black_spotted_Bare_eye
Rufous_and_white_Wren_split_146.wav|Rufous_and_white_Wren
Eastern_Bluebird_split_333.wav|Eastern_Bluebird
Common_Firecrest_split_2792.wav|Common_Firecrest
Barn_Swallow_split_392.wav|Barn_Swallow
Yellow_bellied_Sapsucker_split_143.wav|Yellow_bellied_Sapsucker
Rufous_tailed_Hummingbird_split_021.wav|Rufous_tailed_Hummingbird
European_Turtle_Dove_split_101.wav|European_Turtle_Dove
Orange_billed_Nightingale_Thrush_split_212.wav|Orange_billed_Nightingale_Thrush
Chestnut_capped_Brushfinch_split_209.wav|Chestnut_capped_Brushfinch
Black_throated_Green_Warbler_split_311.wav|Black_throated_Green_Warbler
Yellow_backed_Oriole_split_334.wav|Yellow_backed_Oriole
Melodious_Warbler_split_1644.wav|Melodious_Warbler
Amazonian_Motmot_split_156.wav|Amazonian_Motmot
Tropical_Screech_Owl_split_510.wav|Tropical_Screech_Owl
Swamp_Sparrow_split_079.wav|Swamp_Sparrow
Ringed_Woodpecker_split_078.wav|Ringed_Woodpecker
American_Golden_Plover_split_068.wav|American_Golden_Plover
Plumbeous_Pigeon_split_088.wav|Plumbeous_Pigeon
Mountain_Quail_split_064.wav|Mountain_Quail
Chestnut_capped_Brushfinch_split_286.wav|Chestnut_capped_Brushfinch
European_Robin_split_5552.wav|European_Robin
Killdeer_split_253.wav|Killdeer
Ruddy_Quail_Dove_split_087.wav|Ruddy_Quail_Dove
Canada_Goose_split_943.wav|Canada_Goose
American_Redstart_split_1999.wav|American_Redstart
Eurasian_Blue_Tit_split_2377.wav|Eurasian_Blue_Tit
Clay_colored_Thrush_split_590.wav|Clay_colored_Thrush
Streak_headed_Woodcreeper_split_116.wav|Streak_headed_Woodcreeper
American_Robin_split_932.wav|American_Robin
Cinereous_Tinamou_split_072.wav|Cinereous_Tinamou
Rusty_Blackbird_split_040.wav|Rusty_Blackbird
Black_throated_Green_Warbler_split_591.wav|Black_throated_Green_Warbler
American_Goldfinch_split_252.wav|American_Goldfinch
Black_tailed_Trogon_split_369.wav|Black_tailed_Trogon
Blue_winged_Warbler_split_342.wav|Blue_winged_Warbler
Common_Chaffinch_split_4250.wav|Common_Chaffinch
Sardinian_Warbler_split_433.wav|Sardinian_Warbler
Common_Firecrest_split_2222.wav|Common_Firecrest
Grayish_Mourner_split_207.wav|Grayish_Mourner
Veery_split_1197.wav|Veery
Yellow_bellied_Elaenia_split_493.wav|Yellow_bellied_Elaenia
Little_Woodpecker_split_022.wav|Little_Woodpecker
Golden_crowned_Kinglet_split_921.wav|Golden_crowned_Kinglet
Fasciated_Antshrike_split_395.wav|Fasciated_Antshrike
Bay_breasted_Warbler_split_109.wav|Bay_breasted_Warbler
Blue_headed_Parrot_split_001.wav|Blue_headed_Parrot
Rose_throated_Becard_split_606.wav|Rose_throated_Becard
Gray_Antwren_split_141.wav|Gray_Antwren
Cinereous_Tinamou_split_283.wav|Cinereous_Tinamou
White_crested_Spadebill_split_129.wav|White_crested_Spadebill
Northern_Cardinal_split_1776.wav|Northern_Cardinal
American_Pipit_split_214.wav|American_Pipit
Keel_billed_Toucan_split_026.wav|Keel_billed_Toucan
European_Serin_split_102.wav|European_Serin
Eastern_Wood_Pewee_split_733.wav|Eastern_Wood_Pewee
Eurasian_Wryneck_split_1970.wav|Eurasian_Wryneck
Carolina_Wren_split_154.wav|Carolina_Wren
Gray_fronted_Dove_split_107.wav|Gray_fronted_Dove
Golden_faced_Tyrannulet_split_178.wav|Golden_faced_Tyrannulet
Blue_Jay_split_1326.wav|Blue_Jay
European_Serin_split_1821.wav|European_Serin
Yellow_rumped_Cacique_split_892.wav|Yellow_rumped_Cacique
Eurasian_Linnet_split_569.wav|Eurasian_Linnet
Green_Ibis_split_086.wav|Green_Ibis
Green_Jay_split_716.wav|Green_Jay
Ring_billed_Gull_split_004.wav|Ring_billed_Gull
Common_Yellowthroat_split_1799.wav|Common_Yellowthroat
Tree_Swallow_split_260.wav|Tree_Swallow
American_Robin_split_3673.wav|American_Robin
Squirrel_Cuckoo_split_165.wav|Squirrel_Cuckoo
Yellow_fronted_Canary_split_022.wav|Yellow_fronted_Canary
Tundra_Swan_split_339.wav|Tundra_Swan
Rufous_tailed_Hummingbird_split_174.wav|Rufous_tailed_Hummingbird
Fox_Sparrow_split_947.wav|Fox_Sparrow
Hermit_Thrush_split_1450.wav|Hermit_Thrush
Rufous_capped_Antthrush_split_423.wav|Rufous_capped_Antthrush
Slate_throated_Redstart_split_172.wav|Slate_throated_Redstart
Great_tailed_Grackle_split_386.wav|Great_tailed_Grackle
White_lored_Tyrannulet_split_257.wav|White_lored_Tyrannulet
White_bellied_Tody_Tyrant_split_045.wav|White_bellied_Tody_Tyrant
Piratic_Flycatcher_split_687.wav|Piratic_Flycatcher
Ferruginous_Pygmy_Owl_split_295.wav|Ferruginous_Pygmy_Owl
Ochre_throated_Foliage_gleaner_split_493.wav|Ochre_throated_Foliage_gleaner
Wood_Thrush_split_2099.wav|Wood_Thrush
Striped_Woodcreeper_split_126.wav|Striped_Woodcreeper
Great_Crested_Flycatcher_split_469.wav|Great_Crested_Flycatcher
Long_winged_Antwren_split_066.wav|Long_winged_Antwren
Long_tailed_Manakin_split_109.wav|Long_tailed_Manakin
Common_Raven_split_702.wav|Common_Raven
Black_headed_Saltator_split_294.wav|Black_headed_Saltator
Spot_winged_Antshrike_split_027.wav|Spot_winged_Antshrike
American_Goldfinch_split_555.wav|American_Goldfinch
Yellow_Warbler_split_707.wav|Yellow_Warbler
Striped_Cuckoo_split_138.wav|Striped_Cuckoo
Cirl_Bunting_split_210.wav|Cirl_Bunting
Plain_winged_Antshrike_split_392.wav|Plain_winged_Antshrike
Striped_Woodcreeper_split_134.wav|Striped_Woodcreeper
Alder_Flycatcher_split_798.wav|Alder_Flycatcher
Solitary_Black_Cacique_split_180.wav|Solitary_Black_Cacique
Blackburnian_Warbler_split_791.wav|Blackburnian_Warbler
Wood_Duck_split_071.wav|Wood_Duck
Orange_fronted_Parakeet_split_066.wav|Orange_fronted_Parakeet
Orange_fronted_Parakeet_split_022.wav|Orange_fronted_Parakeet
Tufted_Titmouse_split_1336.wav|Tufted_Titmouse
Downy_Woodpecker_split_379.wav|Downy_Woodpecker
White_throated_Sparrow_split_1731.wav|White_throated_Sparrow
California_Quail_split_146.wav|California_Quail
Mallard_split_582.wav|Mallard
Brown_Creeper_split_428.wav|Brown_Creeper
Northern_Flicker_split_634.wav|Northern_Flicker
White_bellied_Tody_Tyrant_split_197.wav|White_bellied_Tody_Tyrant
Plain_winged_Antshrike_split_162.wav|Plain_winged_Antshrike
Eurasian_Wryneck_split_1485.wav|Eurasian_Wryneck
Plain_throated_Antwren_split_196.wav|Plain_throated_Antwren
Western_Wood_Pewee_split_840.wav|Western_Wood_Pewee
Wild_Turkey_split_382.wav|Wild_Turkey
Ringed_Kingfisher_split_011.wav|Ringed_Kingfisher
Snow_Goose_split_264.wav|Snow_Goose
White_flanked_Antwren_split_166.wav|White_flanked_Antwren
Eastern_Subalpine_Warbler_split_1425.wav|Eastern_Subalpine_Warbler
Great_Crested_Flycatcher_split_317.wav|Great_Crested_Flycatcher
Bay_breasted_Warbler_split_117.wav|Bay_breasted_Warbler
Tawny_bellied_Screech_Owl_split_168.wav|Tawny_bellied_Screech_Owl
Red_breasted_Nuthatch_split_206.wav|Red_breasted_Nuthatch
Gray_cowled_Wood_Rail_split_071.wav|Gray_cowled_Wood_Rail
Dark_eyed_Junco_split_2342.wav|Dark_eyed_Junco
Yellow_throated_Euphonia_split_123.wav|Yellow_throated_Euphonia
Andean_Emerald_split_116.wav|Andean_Emerald
Yellow_throated_Vireo_split_407.wav|Yellow_throated_Vireo
Long_tailed_Manakin_split_191.wav|Long_tailed_Manakin
Rose_breasted_Grosbeak_split_550.wav|Rose_breasted_Grosbeak
Kentucky_Warbler_split_1022.wav|Kentucky_Warbler
Dusky_capped_Greenlet_split_048.wav|Dusky_capped_Greenlet
Amazonian_Trogon_split_127.wav|Amazonian_Trogon
Barred_Owl_split_129.wav|Barred_Owl
Orange_billed_Nightingale_Thrush_split_847.wav|Orange_billed_Nightingale_Thrush
Eurasian_Collared_Dove_split_630.wav|Eurasian_Collared_Dove
Plumbeous_Antbird_split_154.wav|Plumbeous_Antbird
Amazonian_Barred_Woodcreeper_split_250.wav|Amazonian_Barred_Woodcreeper
Wood_Duck_split_110.wav|Wood_Duck
Great_Tinamou_split_066.wav|Great_Tinamou
Wing_barred_Piprites_split_082.wav|Wing_barred_Piprites
Common_Yellowthroat_split_2162.wav|Common_Yellowthroat
Great_Kiskadee_split_534.wav|Great_Kiskadee
Golden_faced_Tyrannulet_split_081.wav|Golden_faced_Tyrannulet
Rusty_fronted_Tody_Flycatcher_split_078.wav|Rusty_fronted_Tody_Flycatcher
Mealy_Amazon_split_370.wav|Mealy_Amazon
Belted_Kingfisher_split_145.wav|Belted_Kingfisher
Great_Antshrike_split_1435.wav|Great_Antshrike
Rufous_capped_Warbler_split_171.wav|Rufous_capped_Warbler
Bronze_winged_Parrot_split_045.wav|Bronze_winged_Parrot
Ruddy_Quail_Dove_split_107.wav|Ruddy_Quail_Dove
Rufous_breasted_Wren_split_434.wav|Rufous_breasted_Wren
Evening_Grosbeak_split_151.wav|Evening_Grosbeak
Bronze_winged_Parrot_split_065.wav|Bronze_winged_Parrot
American_Redstart_split_1831.wav|American_Redstart
Chestnut_backed_Chickadee_split_174.wav|Chestnut_backed_Chickadee
Mealy_Amazon_split_015.wav|Mealy_Amazon
Dull_capped_Attila_split_034.wav|Dull_capped_Attila
Rufous_collared_Sparrow_split_951.wav|Rufous_collared_Sparrow
Purple_throated_Fruitcrow_split_072.wav|Purple_throated_Fruitcrow
Amazonian_Grosbeak_split_176.wav|Amazonian_Grosbeak
Orange_fronted_Parakeet_split_055.wav|Orange_fronted_Parakeet
Canada_Goose_split_545.wav|Canada_Goose
Cinnamon_throated_Woodcreeper_split_046.wav|Cinnamon_throated_Woodcreeper
White_winged_Becard_split_499.wav|White_winged_Becard
Common_Tody_Flycatcher_split_269.wav|Common_Tody_Flycatcher
Solitary_Black_Cacique_split_331.wav|Solitary_Black_Cacique
Purple_throated_Fruitcrow_split_414.wav|Purple_throated_Fruitcrow
Thrush_like_Wren_split_028.wav|Thrush_like_Wren
Plain_winged_Antshrike_split_295.wav|Plain_winged_Antshrike
Plumbeous_Pigeon_split_219.wav|Plumbeous_Pigeon
Western_Tanager_split_1042.wav|Western_Tanager
Coal_Tit_split_136.wav|Coal_Tit
European_Turtle_Dove_split_772.wav|European_Turtle_Dove
Silver_beaked_Tanager_split_278.wav|Silver_beaked_Tanager
House_Finch_split_566.wav|House_Finch
Spotted_Towhee_split_2010.wav|Spotted_Towhee
White_fronted_Amazon_split_359.wav|White_fronted_Amazon
Acorn_Woodpecker_split_364.wav|Acorn_Woodpecker
Screaming_Piha_split_658.wav|Screaming_Piha
Blue_headed_Parrot_split_215.wav|Blue_headed_Parrot
Eurasian_Blackcap_split_3899.wav|Eurasian_Blackcap
Hooded_Warbler_split_419.wav|Hooded_Warbler
Chestnut_backed_Chickadee_split_049.wav|Chestnut_backed_Chickadee
Yellow_rumped_Cacique_split_1416.wav|Yellow_rumped_Cacique
Black_spotted_Bare_eye_split_114.wav|Black_spotted_Bare_eye
Black_throated_Green_Warbler_split_246.wav|Black_throated_Green_Warbler
Rufous_tailed_Hummingbird_split_210.wav|Rufous_tailed_Hummingbird
Green_Ibis_split_076.wav|Green_Ibis
Hermit_Thrush_split_2382.wav|Hermit_Thrush
White_lored_Tyrannulet_split_255.wav|White_lored_Tyrannulet
Piratic_Flycatcher_split_130.wav|Piratic_Flycatcher
Dusky_Flycatcher_split_384.wav|Dusky_Flycatcher
Pine_Siskin_split_836.wav|Pine_Siskin
Ringed_Woodpecker_split_082.wav|Ringed_Woodpecker
Orange_crowned_Warbler_split_996.wav|Orange_crowned_Warbler
Barred_Antshrike_split_123.wav|Barred_Antshrike
Fox_Sparrow_split_1032.wav|Fox_Sparrow
Solitary_Sandpiper_split_154.wav|Solitary_Sandpiper
White_necked_Thrush_split_378.wav|White_necked_Thrush
Black_throated_Antbird_split_369.wav|Black_throated_Antbird
Tree_Swallow_split_175.wav|Tree_Swallow
Dunnock_split_1812.wav|Dunnock
Common_Potoo_split_260.wav|Common_Potoo
Gray_Wagtail_split_983.wav|Gray_Wagtail
Blue_gray_Tanager_split_003.wav|Blue_gray_Tanager
Common_Pauraque_split_685.wav|Common_Pauraque
Barred_Forest_Falcon_split_582.wav|Barred_Forest_Falcon
Wing_barred_Piprites_split_055.wav|Wing_barred_Piprites
American_Pipit_split_075.wav|American_Pipit
Killdeer_split_562.wav|Killdeer
Great_tailed_Grackle_split_516.wav|Great_tailed_Grackle
Gray_crowned_Flatbill_split_233.wav|Gray_crowned_Flatbill
European_Greenfinch_split_524.wav|European_Greenfinch
Green_backed_Trogon_split_360.wav|Green_backed_Trogon
Russet_backed_Oropendola_split_076.wav|Russet_backed_Oropendola
Black_and_white_Warbler_split_248.wav|Black_and_white_Warbler
Plain_winged_Antshrike_split_372.wav|Plain_winged_Antshrike
Horned_Screamer_split_083.wav|Horned_Screamer
Black_billed_Thrush_split_758.wav|Black_billed_Thrush
Buff_throated_Saltator_split_191.wav|Buff_throated_Saltator
Japanese_Bush_Warbler_split_367.wav|Japanese_Bush_Warbler
Gray_cowled_Wood_Rail_split_756.wav|Gray_cowled_Wood_Rail
Orange_billed_Nightingale_Thrush_split_455.wav|Orange_billed_Nightingale_Thrush
Eurasian_Collared_Dove_split_385.wav|Eurasian_Collared_Dove
Paradise_Tanager_split_235.wav|Paradise_Tanager
Pygmy_Antwren_split_161.wav|Pygmy_Antwren
Carrion_Crow_split_1890.wav|Carrion_Crow
Brown_Jay_split_067.wav|Brown_Jay
Ruddy_Quail_Dove_split_039.wav|Ruddy_Quail_Dove
Blackburnian_Warbler_split_392.wav|Blackburnian_Warbler
Eastern_Phoebe_split_126.wav|Eastern_Phoebe
European_Serin_split_2027.wav|European_Serin
Rufous_collared_Sparrow_split_1191.wav|Rufous_collared_Sparrow
Tree_Pipit_split_503.wav|Tree_Pipit
Buff_breasted_Wren_split_538.wav|Buff_breasted_Wren
Common_Yellowthroat_split_611.wav|Common_Yellowthroat
Yellow_fronted_Canary_split_155.wav|Yellow_fronted_Canary
Chestnut_sided_Warbler_split_051.wav|Chestnut_sided_Warbler
Black_capped_Chickadee_split_1755.wav|Black_capped_Chickadee
Marsh_Tit_split_2952.wav|Marsh_Tit
Rusty_margined_Flycatcher_split_367.wav|Rusty_margined_Flycatcher
Tawny_bellied_Screech_Owl_split_567.wav|Tawny_bellied_Screech_Owl
Eurasian_Blackcap_split_4699.wav|Eurasian_Blackcap
Acorn_Woodpecker_split_307.wav|Acorn_Woodpecker
Ovenbird_split_830.wav|Ovenbird
Gray_Antbird_split_544.wav|Gray_Antbird
Red_crowned_Ant_Tanager_split_951.wav|Red_crowned_Ant_Tanager
American_Woodcock_split_063.wav|American_Woodcock
Spotted_Flycatcher_split_1516.wav|Spotted_Flycatcher
Elegant_Woodcreeper_split_055.wav|Elegant_Woodcreeper
American_Golden_Plover_split_047.wav|American_Golden_Plover
Blue_Jay_split_848.wav|Blue_Jay
Melodious_Warbler_split_2146.wav|Melodious_Warbler
Slate_throated_Redstart_split_192.wav|Slate_throated_Redstart
Musician_Wren_split_135.wav|Musician_Wren
Striped_Woodcreeper_split_125.wav|Striped_Woodcreeper
Gray_Hawk_split_067.wav|Gray_Hawk
Band_tailed_Manakin_split_090.wav|Band_tailed_Manakin
Louisiana_Waterthrush_split_569.wav|Louisiana_Waterthrush
Dartford_Warbler_split_1231.wav|Dartford_Warbler
Short_toed_Treecreeper_split_519.wav|Short_toed_Treecreeper
Dark_eyed_Junco_split_1209.wav|Dark_eyed_Junco
Streak_headed_Woodcreeper_split_104.wav|Streak_headed_Woodcreeper
Eastern_Subalpine_Warbler_split_1086.wav|Eastern_Subalpine_Warbler
Warbling_Vireo_split_2057.wav|Warbling_Vireo
Tawny_bellied_Screech_Owl_split_391.wav|Tawny_bellied_Screech_Owl
Montezuma_Oropendola_split_101.wav|Montezuma_Oropendola
Collared_Forest_Falcon_split_475.wav|Collared_Forest_Falcon
Brown_Creeper_split_352.wav|Brown_Creeper
Striped_Cuckoo_split_087.wav|Striped_Cuckoo
Mountain_Chickadee_split_003.wav|Mountain_Chickadee
Undulated_Tinamou_split_278.wav|Undulated_Tinamou
American_Robin_split_2018.wav|American_Robin
White_flanked_Antwren_split_116.wav|White_flanked_Antwren
Cinnamon_throated_Woodcreeper_split_036.wav|Cinnamon_throated_Woodcreeper
Black_Caracara_split_070.wav|Black_Caracara
Downy_Woodpecker_split_397.wav|Downy_Woodpecker
Bluish_gray_Saltator_split_185.wav|Bluish_gray_Saltator
Russet_crowned_Warbler_split_306.wav|Russet_crowned_Warbler
Swamp_Sparrow_split_544.wav|Swamp_Sparrow
Eurasian_Collared_Dove_split_723.wav|Eurasian_Collared_Dove
Buff_breasted_Wren_split_327.wav|Buff_breasted_Wren
Rock_Wren_split_632.wav|Rock_Wren
Northern_Cardinal_split_1249.wav|Northern_Cardinal
Great_Spotted_Woodpecker_split_958.wav|Great_Spotted_Woodpecker
Barn_Swallow_split_2192.wav|Barn_Swallow
Golden_faced_Tyrannulet_split_273.wav|Golden_faced_Tyrannulet
Whiskered_Wren_split_064.wav|Whiskered_Wren
Wood_Lark_split_3267.wav|Wood_Lark
Little_Tinamou_split_083.wav|Little_Tinamou
Hermit_Warbler_split_301.wav|Hermit_Warbler
Tropical_Kingbird_split_493.wav|Tropical_Kingbird
Green_backed_Trogon_split_282.wav|Green_backed_Trogon
Spotted_Sandpiper_split_135.wav|Spotted_Sandpiper
Bay_breasted_Warbler_split_106.wav|Bay_breasted_Warbler
Eurasian_Nuthatch_split_2237.wav|Eurasian_Nuthatch
Western_Wood_Pewee_split_1627.wav|Western_Wood_Pewee
Streaked_Saltator_split_277.wav|Streaked_Saltator
European_Greenfinch_split_2851.wav|European_Greenfinch
Great_Blue_Heron_split_160.wav|Great_Blue_Heron
Spotted_Towhee_split_1535.wav|Spotted_Towhee
American_Robin_split_552.wav|American_Robin
Cedar_Waxwing_split_425.wav|Cedar_Waxwing
Rusty_Blackbird_split_149.wav|Rusty_Blackbird
Yellow_billed_Cuckoo_split_141.wav|Yellow_billed_Cuckoo
Roadside_Hawk_split_267.wav|Roadside_Hawk
Olivaceous_Woodcreeper_split_568.wav|Olivaceous_Woodcreeper
Ruddy_Pigeon_split_220.wav|Ruddy_Pigeon
White_crested_Spadebill_split_186.wav|White_crested_Spadebill
Eastern_Subalpine_Warbler_split_1165.wav|Eastern_Subalpine_Warbler
Kentucky_Warbler_split_200.wav|Kentucky_Warbler
Rusty_margined_Flycatcher_split_447.wav|Rusty_margined_Flycatcher
Black_throated_Green_Warbler_split_096.wav|Black_throated_Green_Warbler
Snow_Goose_split_255.wav|Snow_Goose
Musician_Wren_split_380.wav|Musician_Wren
Tree_Pipit_split_1937.wav|Tree_Pipit
Bobolink_split_315.wav|Bobolink
Golden_crowned_Kinglet_split_374.wav|Golden_crowned_Kinglet
Brown_headed_Cowbird_split_457.wav|Brown_headed_Cowbird
Gray_capped_Flycatcher_split_092.wav|Gray_capped_Flycatcher
Western_Tanager_split_468.wav|Western_Tanager
Eastern_Phoebe_split_073.wav|Eastern_Phoebe
Black_and_white_Warbler_split_694.wav|Black_and_white_Warbler
Black_capped_Becard_split_157.wav|Black_capped_Becard
Song_Sparrow_split_3286.wav|Song_Sparrow
Common_Buzzard_split_1009.wav|Common_Buzzard
Eastern_Wood_Pewee_split_607.wav|Eastern_Wood_Pewee
Rose_throated_Becard_split_526.wav|Rose_throated_Becard
Eastern_Kingbird_split_294.wav|Eastern_Kingbird
Eurasian_Skylark_split_616.wav|Eurasian_Skylark
Mallard_split_390.wav|Mallard
Gray_crowned_Flatbill_split_190.wav|Gray_crowned_Flatbill
Buff_throated_Woodcreeper_split_374.wav|Buff_throated_Woodcreeper
Elegant_Woodcreeper_split_043.wav|Elegant_Woodcreeper
Brown_Creeper_split_303.wav|Brown_Creeper
Eurasian_Golden_Oriole_split_903.wav|Eurasian_Golden_Oriole
Belted_Kingfisher_split_147.wav|Belted_Kingfisher
Chestnut_sided_Warbler_split_767.wav|Chestnut_sided_Warbler
Gilded_Barbet_split_070.wav|Gilded_Barbet
Ringed_Antpipit_split_048.wav|Ringed_Antpipit
American_Woodcock_split_184.wav|American_Woodcock
Yellow_billed_Cuckoo_split_600.wav|Yellow_billed_Cuckoo
Evening_Grosbeak_split_539.wav|Evening_Grosbeak
Red_winged_Blackbird_split_873.wav|Red_winged_Blackbird
Golden_green_Woodpecker_split_041.wav|Golden_green_Woodpecker
Acorn_Woodpecker_split_534.wav|Acorn_Woodpecker
Blue_gray_Gnatcatcher_split_207.wav|Blue_gray_Gnatcatcher
Black_throated_Gray_Warbler_split_210.wav|Black_throated_Gray_Warbler
Barred_Owl_split_124.wav|Barred_Owl
Great_Spotted_Woodpecker_split_2251.wav|Great_Spotted_Woodpecker
Common_Grackle_split_316.wav|Common_Grackle
Crested_Tit_split_1187.wav|Crested_Tit
Lazuli_Bunting_split_169.wav|Lazuli_Bunting
Blue_gray_Tanager_split_119.wav|Blue_gray_Tanager
Colombian_Chachalaca_split_351.wav|Colombian_Chachalaca
Cinereous_Mourner_split_123.wav|Cinereous_Mourner
Yellow_rumped_Cacique_split_1065.wav|Yellow_rumped_Cacique
Common_Chaffinch_split_1479.wav|Common_Chaffinch
Eurasian_Jay_split_611.wav|Eurasian_Jay
Elegant_Woodcreeper_split_016.wav|Elegant_Woodcreeper
Blue_gray_Tanager_split_271.wav|Blue_gray_Tanager
Gray_Catbird_split_1229.wav|Gray_Catbird
Pine_Siskin_split_758.wav|Pine_Siskin
Red_bellied_Woodpecker_split_070.wav|Red_bellied_Woodpecker
Nashville_Warbler_split_824.wav|Nashville_Warbler
Melodious_Warbler_split_1092.wav|Melodious_Warbler
Barred_Antshrike_split_377.wav|Barred_Antshrike
Black_Francolin_split_063.wav|Black_Francolin
White_tipped_Dove_split_437.wav|White_tipped_Dove
Black_and_white_Warbler_split_845.wav|Black_and_white_Warbler
Bronze_winged_Parrot_split_063.wav|Bronze_winged_Parrot
Mealy_Amazon_split_652.wav|Mealy_Amazon
Mountain_Quail_split_132.wav|Mountain_Quail
Northern_Flicker_split_110.wav|Northern_Flicker
Gray_Antbird_split_222.wav|Gray_Antbird
Louisiana_Waterthrush_split_301.wav|Louisiana_Waterthrush
Buff_throated_Saltator_split_058.wav|Buff_throated_Saltator
Great_Blue_Heron_split_165.wav|Great_Blue_Heron
Rose_throated_Becard_split_556.wav|Rose_throated_Becard
Barn_Swallow_split_1181.wav|Barn_Swallow
Olivaceous_Woodcreeper_split_501.wav|Olivaceous_Woodcreeper
Red_eyed_Vireo_split_1400.wav|Red_eyed_Vireo
Tennessee_Warbler_split_030.wav|Tennessee_Warbler
Yellow_tufted_Woodpecker_split_059.wav|Yellow_tufted_Woodpecker
Spotted_Sandpiper_split_095.wav|Spotted_Sandpiper
Streaked_Xenops_split_177.wav|Streaked_Xenops
Great_Crested_Flycatcher_split_382.wav|Great_Crested_Flycatcher
Dunnock_split_1403.wav|Dunnock
Andean_Solitaire_split_632.wav|Andean_Solitaire
Yellow_rumped_Warbler_split_795.wav|Yellow_rumped_Warbler
Yellow_Warbler_split_640.wav|Yellow_Warbler
Common_Waxbill_split_095.wav|Common_Waxbill
Kentucky_Warbler_split_1016.wav|Kentucky_Warbler
Downy_Woodpecker_split_375.wav|Downy_Woodpecker
Musician_Wren_split_055.wav|Musician_Wren
Pygmy_Antwren_split_245.wav|Pygmy_Antwren
Whiskered_Wren_split_023.wav|Whiskered_Wren
Zitting_Cisticola_split_1298.wav|Zitting_Cisticola
Scaled_Pigeon_split_002.wav|Scaled_Pigeon
Squirrel_Cuckoo_split_100.wav|Squirrel_Cuckoo
Dark_eyed_Junco_split_1772.wav|Dark_eyed_Junco
Red_crowned_Ant_Tanager_split_943.wav|Red_crowned_Ant_Tanager
Red_Crossbill_split_1366.wav|Red_Crossbill
Social_Flycatcher_split_956.wav|Social_Flycatcher
White_necked_Thrush_split_266.wav|White_necked_Thrush
Dusky_Flycatcher_split_179.wav|Dusky_Flycatcher
Fox_Sparrow_split_635.wav|Fox_Sparrow
Squirrel_Cuckoo_split_049.wav|Squirrel_Cuckoo
Gray_capped_Flycatcher_split_091.wav|Gray_capped_Flycatcher
Eurasian_Magpie_split_514.wav|Eurasian_Magpie
Blue_headed_Parrot_split_193.wav|Blue_headed_Parrot
Long_winged_Antwren_split_032.wav|Long_winged_Antwren
Blue_Ground_Dove_split_054.wav|Blue_Ground_Dove
Band_tailed_Manakin_split_003.wav|Band_tailed_Manakin
Great_Crested_Flycatcher_split_1070.wav|Great_Crested_Flycatcher
Green_Ibis_split_105.wav|Green_Ibis
Amazonian_Trogon_split_051.wav|Amazonian_Trogon
Eurasian_Collared_Dove_split_1030.wav|Eurasian_Collared_Dove
Common_Nightingale_split_6494.wav|Common_Nightingale
Roadside_Hawk_split_581.wav|Roadside_Hawk
White_bellied_Tody_Tyrant_split_058.wav|White_bellied_Tody_Tyrant
Green_tailed_Towhee_split_891.wav|Green_tailed_Towhee
Undulated_Tinamou_split_285.wav|Undulated_Tinamou
Great_Spotted_Woodpecker_split_1879.wav|Great_Spotted_Woodpecker
Common_Pauraque_split_131.wav|Common_Pauraque
Ringed_Kingfisher_split_112.wav|Ringed_Kingfisher
European_Greenfinch_split_3267.wav|European_Greenfinch
Plain_brown_Woodcreeper_split_384.wav|Plain_brown_Woodcreeper
Carrion_Crow_split_1533.wav|Carrion_Crow
Baltimore_Oriole_split_547.wav|Baltimore_Oriole
Red_Crossbill_split_1524.wav|Red_Crossbill
Warbling_White_eye_split_175.wav|Warbling_White_eye
Buff_throated_Saltator_split_096.wav|Buff_throated_Saltator
Ruddy_Quail_Dove_split_080.wav|Ruddy_Quail_Dove
Pine_Siskin_split_896.wav|Pine_Siskin
Little_Woodpecker_split_089.wav|Little_Woodpecker
Gray_Antwren_split_253.wav|Gray_Antwren
Chestnut_capped_Brushfinch_split_803.wav|Chestnut_capped_Brushfinch
Collared_Trogon_split_317.wav|Collared_Trogon
Yellow_rumped_Warbler_split_1077.wav|Yellow_rumped_Warbler
Red_bellied_Woodpecker_split_101.wav|Red_bellied_Woodpecker
Song_Thrush_split_4645.wav|Song_Thrush
Striped_Woodcreeper_split_097.wav|Striped_Woodcreeper
Russet_crowned_Warbler_split_868.wav|Russet_crowned_Warbler
Thrush_like_Wren_split_152.wav|Thrush_like_Wren
Yellow_backed_Oriole_split_031.wav|Yellow_backed_Oriole
Eurasian_Blue_Tit_split_3471.wav|Eurasian_Blue_Tit
Yellow_bellied_Elaenia_split_300.wav|Yellow_bellied_Elaenia
Yellow_faced_Grassquit_split_196.wav|Yellow_faced_Grassquit
Scaled_Pigeon_split_131.wav|Scaled_Pigeon
Olive_sided_Flycatcher_split_151.wav|Olive_sided_Flycatcher
Red_necked_Woodpecker_split_111.wav|Red_necked_Woodpecker
Chestnut_backed_Chickadee_split_104.wav|Chestnut_backed_Chickadee
Scarlet_Tanager_split_391.wav|Scarlet_Tanager
Rufous_capped_Antthrush_split_486.wav|Rufous_capped_Antthrush
Wood_Thrush_split_461.wav|Wood_Thrush
American_Woodcock_split_137.wav|American_Woodcock
Rufous_collared_Sparrow_split_149.wav|Rufous_collared_Sparrow
Mourning_Dove_split_091.wav|Mourning_Dove
Green_Jay_split_745.wav|Green_Jay
Andean_Solitaire_split_901.wav|Andean_Solitaire
Rufous_tailed_Hummingbird_split_105.wav|Rufous_tailed_Hummingbird
Common_Wood_Pigeon_split_1810.wav|Common_Wood_Pigeon
Streak_headed_Woodcreeper_split_183.wav|Streak_headed_Woodcreeper
Straight_billed_Woodcreeper_split_329.wav|Straight_billed_Woodcreeper
Mountain_Chickadee_split_626.wav|Mountain_Chickadee
Western_Wood_Pewee_split_1587.wav|Western_Wood_Pewee
American_Crow_split_175.wav|American_Crow
White_breasted_Nuthatch_split_1464.wav|White_breasted_Nuthatch
Rock_Wren_split_126.wav|Rock_Wren
Andean_Solitaire_split_1377.wav|Andean_Solitaire
Yellow_bellied_Sapsucker_split_002.wav|Yellow_bellied_Sapsucker
Common_Wood_Pigeon_split_673.wav|Common_Wood_Pigeon
Plain_brown_Woodcreeper_split_363.wav|Plain_brown_Woodcreeper
American_Woodcock_split_218.wav|American_Woodcock
Black_faced_Antthrush_split_417.wav|Black_faced_Antthrush
Bananaquit_split_1092.wav|Bananaquit
Black_Caracara_split_074.wav|Black_Caracara
Mountain_Chickadee_split_909.wav|Mountain_Chickadee
Tree_Swallow_split_198.wav|Tree_Swallow
Gray_Wagtail_split_285.wav|Gray_Wagtail
Screaming_Piha_split_444.wav|Screaming_Piha
Golden_crowned_Spadebill_split_250.wav|Golden_crowned_Spadebill
Dunnock_split_1893.wav|Dunnock
Spotted_Flycatcher_split_1732.wav|Spotted_Flycatcher
Plain_throated_Antwren_split_122.wav|Plain_throated_Antwren
Alder_Flycatcher_split_611.wav|Alder_Flycatcher
Colombian_Chachalaca_split_116.wav|Colombian_Chachalaca
Blue_gray_Gnatcatcher_split_400.wav|Blue_gray_Gnatcatcher
Marsh_Tit_split_2970.wav|Marsh_Tit
European_Starling_split_4336.wav|European_Starling
Wood_Thrush_split_195.wav|Wood_Thrush
White_tipped_Dove_split_952.wav|White_tipped_Dove
Clay_colored_Thrush_split_1108.wav|Clay_colored_Thrush
American_Pipit_split_220.wav|American_Pipit
Black_Francolin_split_018.wav|Black_Francolin
Black_capped_Becard_split_219.wav|Black_capped_Becard
Long_tailed_Manakin_split_159.wav|Long_tailed_Manakin
White_winged_Becard_split_566.wav|White_winged_Becard
Bright_rumped_Attila_split_962.wav|Bright_rumped_Attila
Bay_breasted_Warbler_split_116.wav|Bay_breasted_Warbler
Melodious_Warbler_split_3909.wav|Melodious_Warbler
Black_throated_Antbird_split_114.wav|Black_throated_Antbird
Snow_Goose_split_226.wav|Snow_Goose
Downy_Woodpecker_split_318.wav|Downy_Woodpecker
White_flanked_Antwren_split_056.wav|White_flanked_Antwren
Purple_throated_Euphonia_split_201.wav|Purple_throated_Euphonia
Song_Sparrow_split_566.wav|Song_Sparrow
Short_toed_Treecreeper_split_1148.wav|Short_toed_Treecreeper
Amazonian_Motmot_split_143.wav|Amazonian_Motmot
Eurasian_Magpie_split_357.wav|Eurasian_Magpie
Eurasian_Jay_split_2315.wav|Eurasian_Jay
Yellow_headed_Caracara_split_142.wav|Yellow_headed_Caracara
Tree_Pipit_split_2721.wav|Tree_Pipit
Masked_Tityra_split_088.wav|Masked_Tityra
Collared_Trogon_split_090.wav|Collared_Trogon
Eurasian_Nuthatch_split_2542.wav|Eurasian_Nuthatch
Chukar_split_002.wav|Chukar
Horned_Screamer_split_040.wav|Horned_Screamer
Northern_Cardinal_split_1008.wav|Northern_Cardinal
Yellow_Warbler_split_136.wav|Yellow_Warbler
Eurasian_Bullfinch_split_1697.wav|Eurasian_Bullfinch
American_Golden_Plover_split_052.wav|American_Golden_Plover
Silver_beaked_Tanager_split_110.wav|Silver_beaked_Tanager
Common_Potoo_split_121.wav|Common_Potoo
Rusty_Blackbird_split_458.wav|Rusty_Blackbird
Wild_Turkey_split_082.wav|Wild_Turkey
Screaming_Piha_split_948.wav|Screaming_Piha
White_fronted_Amazon_split_134.wav|White_fronted_Amazon
Solitary_Black_Cacique_split_046.wav|Solitary_Black_Cacique
Chestnut_sided_Warbler_split_827.wav|Chestnut_sided_Warbler
Yellow_Warbler_split_266.wav|Yellow_Warbler
European_Robin_split_208.wav|European_Robin
American_Crow_split_1379.wav|American_Crow
Japanese_Bush_Warbler_split_323.wav|Japanese_Bush_Warbler
Yellow_throated_Euphonia_split_061.wav|Yellow_throated_Euphonia
Amazonian_Motmot_split_223.wav|Amazonian_Motmot
Ochre_throated_Foliage_gleaner_split_827.wav|Ochre_throated_Foliage_gleaner
Eastern_Kingbird_split_203.wav|Eastern_Kingbird
Wood_Duck_split_065.wav|Wood_Duck
Rock_Sparrow_split_153.wav|Rock_Sparrow
Great_Tinamou_split_054.wav|Great_Tinamou
Vesper_Sparrow_split_148.wav|Vesper_Sparrow
Green_tailed_Towhee_split_437.wav|Green_tailed_Towhee
Boat_billed_Flycatcher_split_573.wav|Boat_billed_Flycatcher
Ringed_Kingfisher_split_155.wav|Ringed_Kingfisher
Streak_headed_Woodcreeper_split_106.wav|Streak_headed_Woodcreeper
Streaked_Xenops_split_027.wav|Streaked_Xenops
Bright_rumped_Attila_split_462.wav|Bright_rumped_Attila
Great_Tinamou_split_050.wav|Great_Tinamou
Great_Antshrike_split_1262.wav|Great_Antshrike
Elegant_Woodcreeper_split_099.wav|Elegant_Woodcreeper
Rose_throated_Becard_split_338.wav|Rose_throated_Becard
Eastern_Wood_Pewee_split_973.wav|Eastern_Wood_Pewee
Dull_capped_Attila_split_350.wav|Dull_capped_Attila
Eurasian_Wren_split_5149.wav|Eurasian_Wren
Blue_headed_Vireo_split_185.wav|Blue_headed_Vireo
Bronze_winged_Parrot_split_004.wav|Bronze_winged_Parrot
Common_Raven_split_1531.wav|Common_Raven
Golden_green_Woodpecker_split_038.wav|Golden_green_Woodpecker
Cedar_Waxwing_split_220.wav|Cedar_Waxwing
Orange_billed_Nightingale_Thrush_split_759.wav|Orange_billed_Nightingale_Thrush
Gray_cowled_Wood_Rail_split_259.wav|Gray_cowled_Wood_Rail
Amazonian_Grosbeak_split_195.wav|Amazonian_Grosbeak
Yellow_headed_Caracara_split_121.wav|Yellow_headed_Caracara
Yellow_throated_Euphonia_split_012.wav|Yellow_throated_Euphonia
Rose_throated_Becard_split_229.wav|Rose_throated_Becard
Rusty_margined_Flycatcher_split_107.wav|Rusty_margined_Flycatcher
Great_Antshrike_split_1311.wav|Great_Antshrike
Ringed_Antpipit_split_146.wav|Ringed_Antpipit
Baltimore_Oriole_split_591.wav|Baltimore_Oriole
Horned_Screamer_split_067.wav|Horned_Screamer
Gray_Antwren_split_119.wav|Gray_Antwren
Green_Jay_split_276.wav|Green_Jay
Russet_crowned_Warbler_split_908.wav|Russet_crowned_Warbler
Red_shouldered_Hawk_split_029.wav|Red_shouldered_Hawk
Scaled_Pigeon_split_021.wav|Scaled_Pigeon
White_lored_Tyrannulet_split_233.wav|White_lored_Tyrannulet
Chestnut_sided_Warbler_split_682.wav|Chestnut_sided_Warbler
Zitting_Cisticola_split_1433.wav|Zitting_Cisticola
Dusky_Flycatcher_split_458.wav|Dusky_Flycatcher
Song_Thrush_split_1507.wav|Song_Thrush
Common_Raven_split_2371.wav|Common_Raven
Warbling_Vireo_split_1513.wav|Warbling_Vireo
White_breasted_Nuthatch_split_606.wav|White_breasted_Nuthatch
Mourning_Dove_split_362.wav|Mourning_Dove
Plain_winged_Antshrike_split_352.wav|Plain_winged_Antshrike
Japanese_Bush_Warbler_split_129.wav|Japanese_Bush_Warbler
Veery_split_643.wav|Veery
Dunnock_split_836.wav|Dunnock
Mourning_Dove_split_322.wav|Mourning_Dove
Grayish_Mourner_split_406.wav|Grayish_Mourner
Amazonian_Barred_Woodcreeper_split_178.wav|Amazonian_Barred_Woodcreeper
Bronze_winged_Parrot_split_008.wav|Bronze_winged_Parrot
Masked_Tityra_split_082.wav|Masked_Tityra
Western_Wood_Pewee_split_1580.wav|Western_Wood_Pewee
Andean_Solitaire_split_705.wav|Andean_Solitaire
Long_tailed_Tit_split_1811.wav|Long_tailed_Tit
Red_bellied_Woodpecker_split_385.wav|Red_bellied_Woodpecker
Warbling_White_eye_split_243.wav|Warbling_White_eye
Black_throated_Antbird_split_695.wav|Black_throated_Antbird
Mountain_Chickadee_split_846.wav|Mountain_Chickadee
Cinereous_Tinamou_split_501.wav|Cinereous_Tinamou
Black_throated_Gray_Warbler_split_300.wav|Black_throated_Gray_Warbler
Evening_Grosbeak_split_426.wav|Evening_Grosbeak
Golden_crowned_Kinglet_split_1031.wav|Golden_crowned_Kinglet
Cinereous_Mourner_split_004.wav|Cinereous_Mourner
White_bellied_Tody_Tyrant_split_275.wav|White_bellied_Tody_Tyrant
Common_Chiffchaff_split_573.wav|Common_Chiffchaff
Spotted_Towhee_split_1465.wav|Spotted_Towhee
White_crowned_Sparrow_split_528.wav|White_crowned_Sparrow
Social_Flycatcher_split_370.wav|Social_Flycatcher
Rusty_margined_Flycatcher_split_175.wav|Rusty_margined_Flycatcher
Vesper_Sparrow_split_431.wav|Vesper_Sparrow
Black_crowned_Night_Heron_split_862.wav|Black_crowned_Night_Heron
Yellow_throated_Euphonia_split_150.wav|Yellow_throated_Euphonia
Orange_crowned_Warbler_split_585.wav|Orange_crowned_Warbler
California_Quail_split_409.wav|California_Quail
Carolina_Wren_split_1106.wav|Carolina_Wren
Yellow_rumped_Warbler_split_306.wav|Yellow_rumped_Warbler
Crested_Lark_split_719.wav|Crested_Lark
Ringed_Kingfisher_split_150.wav|Ringed_Kingfisher
Hairy_Woodpecker_split_628.wav|Hairy_Woodpecker
Rusty_fronted_Tody_Flycatcher_split_002.wav|Rusty_fronted_Tody_Flycatcher
Tree_Swallow_split_212.wav|Tree_Swallow
Orange_crowned_Warbler_split_138.wav|Orange_crowned_Warbler
Tundra_Swan_split_085.wav|Tundra_Swan
Striped_Woodcreeper_split_124.wav|Striped_Woodcreeper
Hairy_Woodpecker_split_179.wav|Hairy_Woodpecker
Collared_Forest_Falcon_split_295.wav|Collared_Forest_Falcon
Yellow_throated_Vireo_split_055.wav|Yellow_throated_Vireo
Andean_Emerald_split_097.wav|Andean_Emerald
Gray_capped_Flycatcher_split_141.wav|Gray_capped_Flycatcher
Bobolink_split_232.wav|Bobolink
Acorn_Woodpecker_split_461.wav|Acorn_Woodpecker
Straight_billed_Woodcreeper_split_326.wav|Straight_billed_Woodcreeper
Black_faced_Antthrush_split_334.wav|Black_faced_Antthrush
Gray_Hawk_split_196.wav|Gray_Hawk
Bananaquit_split_1503.wav|Bananaquit
Common_Raven_split_1705.wav|Common_Raven
Dusky_throated_Antshrike_split_274.wav|Dusky_throated_Antshrike
Squirrel_Cuckoo_split_107.wav|Squirrel_Cuckoo
Eurasian_Golden_Oriole_split_1528.wav|Eurasian_Golden_Oriole
Band_tailed_Manakin_split_053.wav|Band_tailed_Manakin
Dusky_capped_Greenlet_split_038.wav|Dusky_capped_Greenlet
Ringed_Woodpecker_split_048.wav|Ringed_Woodpecker
Barred_Forest_Falcon_split_357.wav|Barred_Forest_Falcon
Kentucky_Warbler_split_346.wav|Kentucky_Warbler
Dartford_Warbler_split_1413.wav|Dartford_Warbler
Blue_Ground_Dove_split_057.wav|Blue_Ground_Dove
Colombian_Chachalaca_split_317.wav|Colombian_Chachalaca
Tundra_Swan_split_320.wav|Tundra_Swan
Cirl_Bunting_split_537.wav|Cirl_Bunting
Little_Woodpecker_split_054.wav|Little_Woodpecker
Northern_Waterthrush_split_668.wav|Northern_Waterthrush
Boat_billed_Flycatcher_split_441.wav|Boat_billed_Flycatcher
Eurasian_Wryneck_split_1708.wav|Eurasian_Wryneck
Canada_Goose_split_254.wav|Canada_Goose
Northern_House_Wren_split_812.wav|Northern_House_Wren
Northern_Waterthrush_split_179.wav|Northern_Waterthrush
Common_Nightingale_split_5693.wav|Common_Nightingale
Band_tailed_Pigeon_split_012.wav|Band_tailed_Pigeon
Gray_cowled_Wood_Rail_split_723.wav|Gray_cowled_Wood_Rail
Spotted_Sandpiper_split_155.wav|Spotted_Sandpiper
Tropical_Screech_Owl_split_379.wav|Tropical_Screech_Owl
Rufous_tailed_Hummingbird_split_198.wav|Rufous_tailed_Hummingbird
Rose_breasted_Grosbeak_split_793.wav|Rose_breasted_Grosbeak
Black_fronted_Nunbird_split_233.wav|Black_fronted_Nunbird
Warbling_Vireo_split_2137.wav|Warbling_Vireo
House_Sparrow_split_444.wav|House_Sparrow
Blue_headed_Parrot_split_080.wav|Blue_headed_Parrot
Amazonian_Grosbeak_split_315.wav|Amazonian_Grosbeak
Song_Sparrow_split_1372.wav|Song_Sparrow
Russet_backed_Oropendola_split_024.wav|Russet_backed_Oropendola
Common_Tody_Flycatcher_split_368.wav|Common_Tody_Flycatcher
Common_Potoo_split_142.wav|Common_Potoo
Yellow_billed_Cuckoo_split_176.wav|Yellow_billed_Cuckoo
Yellow_rumped_Cacique_split_1841.wav|Yellow_rumped_Cacique
Alder_Flycatcher_split_977.wav|Alder_Flycatcher
Streaked_Saltator_split_410.wav|Streaked_Saltator
Black_crowned_Night_Heron_split_997.wav|Black_crowned_Night_Heron
Chestnut_capped_Brushfinch_split_327.wav|Chestnut_capped_Brushfinch
Olivaceous_Woodcreeper_split_135.wav|Olivaceous_Woodcreeper
Common_Buzzard_split_1019.wav|Common_Buzzard
Great_Tit_split_655.wav|Great_Tit
Black_capped_Becard_split_006.wav|Black_capped_Becard
Northern_House_Wren_split_006.wav|Northern_House_Wren
Gray_Antwren_split_137.wav|Gray_Antwren
Black_capped_Chickadee_split_207.wav|Black_capped_Chickadee
American_Pipit_split_057.wav|American_Pipit
Rufous_capped_Antthrush_split_214.wav|Rufous_capped_Antthrush
Gray_fronted_Dove_split_128.wav|Gray_fronted_Dove
Black_throated_Antbird_split_125.wav|Black_throated_Antbird
Green_backed_Trogon_split_215.wav|Green_backed_Trogon
Boat_billed_Flycatcher_split_205.wav|Boat_billed_Flycatcher
Yellow_bellied_Elaenia_split_384.wav|Yellow_bellied_Elaenia
Cobalt_winged_Parakeet_split_012.wav|Cobalt_winged_Parakeet
Dartford_Warbler_split_1084.wav|Dartford_Warbler
Black_headed_Saltator_split_018.wav|Black_headed_Saltator
Baltimore_Oriole_split_922.wav|Baltimore_Oriole
Yellow_tufted_Woodpecker_split_061.wav|Yellow_tufted_Woodpecker
Common_Nightingale_split_4731.wav|Common_Nightingale
Marsh_Tit_split_339.wav|Marsh_Tit
Solitary_Sandpiper_split_013.wav|Solitary_Sandpiper
Common_Tody_Flycatcher_split_076.wav|Common_Tody_Flycatcher
Speckled_Chachalaca_split_173.wav|Speckled_Chachalaca
Black_chested_Jay_split_188.wav|Black_chested_Jay
Black_Caracara_split_011.wav|Black_Caracara
Pileated_Woodpecker_split_476.wav|Pileated_Woodpecker
Barred_Forest_Falcon_split_487.wav|Barred_Forest_Falcon
Rock_Sparrow_split_1034.wav|Rock_Sparrow
Common_Nightingale_split_4348.wav|Common_Nightingale
White_crowned_Sparrow_split_961.wav|White_crowned_Sparrow
Yellow_crowned_Tyrannulet_split_046.wav|Yellow_crowned_Tyrannulet
Tropical_Screech_Owl_split_333.wav|Tropical_Screech_Owl
Rusty_fronted_Tody_Flycatcher_split_127.wav|Rusty_fronted_Tody_Flycatcher
Golden_green_Woodpecker_split_040.wav|Golden_green_Woodpecker
Red_necked_Woodpecker_split_113.wav|Red_necked_Woodpecker
Ruddy_Pigeon_split_139.wav|Ruddy_Pigeon
Warbling_Vireo_split_3938.wav|Warbling_Vireo
Kentucky_Warbler_split_651.wav|Kentucky_Warbler
Plumbeous_Pigeon_split_270.wav|Plumbeous_Pigeon
Crested_Lark_split_008.wav|Crested_Lark
Collared_Trogon_split_080.wav|Collared_Trogon
American_Robin_split_1729.wav|American_Robin
Rose_breasted_Grosbeak_split_192.wav|Rose_breasted_Grosbeak
Roadside_Hawk_split_290.wav|Roadside_Hawk
Streaked_Saltator_split_113.wav|Streaked_Saltator
Great_Blue_Heron_split_044.wav|Great_Blue_Heron
Silver_beaked_Tanager_split_359.wav|Silver_beaked_Tanager
Evening_Grosbeak_split_192.wav|Evening_Grosbeak
Brown_Jay_split_221.wav|Brown_Jay
Rufous_and_white_Wren_split_385.wav|Rufous_and_white_Wren
Yellow_throated_Vireo_split_168.wav|Yellow_throated_Vireo
Common_Nightingale_split_4414.wav|Common_Nightingale
American_Golden_Plover_split_025.wav|American_Golden_Plover
Long_winged_Antwren_split_011.wav|Long_winged_Antwren
Common_Firecrest_split_861.wav|Common_Firecrest
Barred_Antshrike_split_478.wav|Barred_Antshrike
Hooded_Warbler_split_251.wav|Hooded_Warbler
Eurasian_Wren_split_1024.wav|Eurasian_Wren
Bluish_gray_Saltator_split_069.wav|Bluish_gray_Saltator
Tufted_Titmouse_split_1355.wav|Tufted_Titmouse
Rusty_fronted_Tody_Flycatcher_split_008.wav|Rusty_fronted_Tody_Flycatcher
Tree_Pipit_split_2245.wav|Tree_Pipit
Mealy_Amazon_split_056.wav|Mealy_Amazon
Gray_capped_Flycatcher_split_212.wav|Gray_capped_Flycatcher
Red_Crossbill_split_1041.wav|Red_Crossbill
Zitting_Cisticola_split_994.wav|Zitting_Cisticola
Striped_Cuckoo_split_186.wav|Striped_Cuckoo
Orange_chinned_Parakeet_split_122.wav|Orange_chinned_Parakeet
Hermit_Warbler_split_203.wav|Hermit_Warbler
Plain_throated_Antwren_split_248.wav|Plain_throated_Antwren
Black_faced_Antthrush_split_078.wav|Black_faced_Antthrush
Black_fronted_Nunbird_split_185.wav|Black_fronted_Nunbird
Olive_sided_Flycatcher_split_854.wav|Olive_sided_Flycatcher
White_throated_Toucan_split_820.wav|White_throated_Toucan
Northern_Waterthrush_split_1272.wav|Northern_Waterthrush
Canada_Goose_split_346.wav|Canada_Goose
Golden_crowned_Spadebill_split_241.wav|Golden_crowned_Spadebill
Purple_Finch_split_051.wav|Purple_Finch
Common_Grackle_split_052.wav|Common_Grackle
Baltimore_Oriole_split_450.wav|Baltimore_Oriole
Bay_breasted_Warbler_split_414.wav|Bay_breasted_Warbler
Barred_Forest_Falcon_split_586.wav|Barred_Forest_Falcon
Cinnamon_throated_Woodcreeper_split_072.wav|Cinnamon_throated_Woodcreeper
Blackburnian_Warbler_split_363.wav|Blackburnian_Warbler
Killdeer_split_087.wav|Killdeer
Rose_breasted_Grosbeak_split_212.wav|Rose_breasted_Grosbeak
Rufous_capped_Antthrush_split_500.wav|Rufous_capped_Antthrush
Streaked_Saltator_split_489.wav|Streaked_Saltator
Rufous_breasted_Wren_split_447.wav|Rufous_breasted_Wren
Eurasian_Skylark_split_651.wav|Eurasian_Skylark
Blue_gray_Tanager_split_391.wav|Blue_gray_Tanager
Gray_Antbird_split_442.wav|Gray_Antbird
Red_eyed_Vireo_split_336.wav|Red_eyed_Vireo
Barn_Swallow_split_619.wav|Barn_Swallow
Belted_Kingfisher_split_074.wav|Belted_Kingfisher
Rufous_collared_Sparrow_split_192.wav|Rufous_collared_Sparrow
White_tipped_Dove_split_411.wav|White_tipped_Dove
Cobalt_winged_Parakeet_split_163.wav|Cobalt_winged_Parakeet
Red_winged_Blackbird_split_2050.wav|Red_winged_Blackbird
Yellow_crowned_Tyrannulet_split_154.wav|Yellow_crowned_Tyrannulet
Yellow_crowned_Tyrannulet_split_039.wav|Yellow_crowned_Tyrannulet
Cinereous_Tinamou_split_058.wav|Cinereous_Tinamou
European_Starling_split_3660.wav|European_Starling
Common_Chiffchaff_split_2857.wav|Common_Chiffchaff
Great_Spotted_Woodpecker_split_1577.wav|Great_Spotted_Woodpecker
Ovenbird_split_661.wav|Ovenbird
Gray_fronted_Dove_split_137.wav|Gray_fronted_Dove
White_throated_Toucan_split_940.wav|White_throated_Toucan
Chestnut_backed_Chickadee_split_202.wav|Chestnut_backed_Chickadee
Purple_Finch_split_331.wav|Purple_Finch
Spotted_Towhee_split_1484.wav|Spotted_Towhee
Eurasian_Bullfinch_split_2444.wav|Eurasian_Bullfinch
Yellow_bellied_Sapsucker_split_163.wav|Yellow_bellied_Sapsucker
Purple_Finch_split_682.wav|Purple_Finch
Song_Sparrow_split_3182.wav|Song_Sparrow
Common_Wood_Pigeon_split_898.wav|Common_Wood_Pigeon
American_Golden_Plover_split_070.wav|American_Golden_Plover
Eurasian_Blackcap_split_5092.wav|Eurasian_Blackcap
Laughing_Falcon_split_1130.wav|Laughing_Falcon
Hooded_Warbler_split_039.wav|Hooded_Warbler
White_fronted_Amazon_split_315.wav|White_fronted_Amazon
Streaked_Xenops_split_325.wav|Streaked_Xenops
Social_Flycatcher_split_093.wav|Social_Flycatcher
Bananaquit_split_1165.wav|Bananaquit
Undulated_Tinamou_split_187.wav|Undulated_Tinamou
House_Finch_split_999.wav|House_Finch
Blue_winged_Warbler_split_399.wav|Blue_winged_Warbler
Tennessee_Warbler_split_290.wav|Tennessee_Warbler
Russet_crowned_Warbler_split_702.wav|Russet_crowned_Warbler
Eurasian_Jay_split_2185.wav|Eurasian_Jay
Barn_Swallow_split_1175.wav|Barn_Swallow
Bobolink_split_064.wav|Bobolink
Olive_sided_Flycatcher_split_686.wav|Olive_sided_Flycatcher
Band_tailed_Manakin_split_203.wav|Band_tailed_Manakin
Black_headed_Saltator_split_182.wav|Black_headed_Saltator
Golden_faced_Tyrannulet_split_047.wav|Golden_faced_Tyrannulet
Golden_green_Woodpecker_split_027.wav|Golden_green_Woodpecker
Cedar_Waxwing_split_059.wav|Cedar_Waxwing
Rose_breasted_Grosbeak_split_256.wav|Rose_breasted_Grosbeak
Black_headed_Saltator_split_364.wav|Black_headed_Saltator
Amazonian_Pygmy_Owl_split_175.wav|Amazonian_Pygmy_Owl
Lineated_Woodpecker_split_049.wav|Lineated_Woodpecker
Eurasian_Blackcap_split_3986.wav|Eurasian_Blackcap
Band_tailed_Pigeon_split_134.wav|Band_tailed_Pigeon
Black_Caracara_split_086.wav|Black_Caracara
Great_tailed_Grackle_split_1101.wav|Great_tailed_Grackle
Ringed_Kingfisher_split_079.wav|Ringed_Kingfisher
Cobalt_winged_Parakeet_split_032.wav|Cobalt_winged_Parakeet
Dunnock_split_126.wav|Dunnock
White_winged_Becard_split_122.wav|White_winged_Becard
Hermit_Warbler_split_042.wav|Hermit_Warbler
Scarlet_Tanager_split_429.wav|Scarlet_Tanager
Black_faced_Antthrush_split_893.wav|Black_faced_Antthrush
Squirrel_Cuckoo_split_306.wav|Squirrel_Cuckoo
Mallard_split_318.wav|Mallard
Cobalt_winged_Parakeet_split_129.wav|Cobalt_winged_Parakeet
Red_eyed_Vireo_split_1158.wav|Red_eyed_Vireo
Northern_Cardinal_split_2136.wav|Northern_Cardinal
Green_backed_Trogon_split_596.wav|Green_backed_Trogon
European_Starling_split_2617.wav|European_Starling
Ferruginous_Pygmy_Owl_split_567.wav|Ferruginous_Pygmy_Owl
Red_shouldered_Hawk_split_052.wav|Red_shouldered_Hawk
Thrush_like_Wren_split_341.wav|Thrush_like_Wren
Spotted_Flycatcher_split_1128.wav|Spotted_Flycatcher
Eurasian_Golden_Oriole_split_1385.wav|Eurasian_Golden_Oriole
Common_Potoo_split_049.wav|Common_Potoo
Collared_Forest_Falcon_split_331.wav|Collared_Forest_Falcon
Mountain_Quail_split_113.wav|Mountain_Quail
Fox_Sparrow_split_659.wav|Fox_Sparrow
Hermit_Warbler_split_285.wav|Hermit_Warbler
White_fronted_Amazon_split_007.wav|White_fronted_Amazon
Dartford_Warbler_split_307.wav|Dartford_Warbler
Eastern_Wood_Pewee_split_953.wav|Eastern_Wood_Pewee
Hooded_Warbler_split_992.wav|Hooded_Warbler
American_Goldfinch_split_136.wav|American_Goldfinch
Gray_capped_Flycatcher_split_216.wav|Gray_capped_Flycatcher
Nashville_Warbler_split_176.wav|Nashville_Warbler
Dusky_capped_Flycatcher_split_860.wav|Dusky_capped_Flycatcher
Gray_Wagtail_split_016.wav|Gray_Wagtail
Great_Tinamou_split_120.wav|Great_Tinamou
Northern_House_Wren_split_340.wav|Northern_House_Wren
Alder_Flycatcher_split_123.wav|Alder_Flycatcher
Golden_green_Woodpecker_split_036.wav|Golden_green_Woodpecker
Streak_headed_Woodcreeper_split_021.wav|Streak_headed_Woodcreeper
Snow_Goose_split_221.wav|Snow_Goose
Tawny_bellied_Screech_Owl_split_138.wav|Tawny_bellied_Screech_Owl
Common_Pauraque_split_294.wav|Common_Pauraque
Andean_Solitaire_split_017.wav|Andean_Solitaire
Blackburnian_Warbler_split_195.wav|Blackburnian_Warbler
Eurasian_Skylark_split_2691.wav|Eurasian_Skylark
Grayish_Mourner_split_081.wav|Grayish_Mourner
Purple_throated_Euphonia_split_490.wav|Purple_throated_Euphonia
Long_winged_Antwren_split_057.wav|Long_winged_Antwren
Amazonian_Pygmy_Owl_split_166.wav|Amazonian_Pygmy_Owl
Collared_Trogon_split_024.wav|Collared_Trogon
Black_spotted_Bare_eye_split_031.wav|Black_spotted_Bare_eye
California_Quail_split_086.wav|California_Quail
Brown_headed_Cowbird_split_010.wav|Brown_headed_Cowbird
Black_chested_Jay_split_231.wav|Black_chested_Jay
Eastern_Kingbird_split_574.wav|Eastern_Kingbird
Orange_crowned_Warbler_split_1483.wav|Orange_crowned_Warbler
Northern_House_Wren_split_506.wav|Northern_House_Wren
Ring_billed_Gull_split_030.wav|Ring_billed_Gull
Orange_chinned_Parakeet_split_037.wav|Orange_chinned_Parakeet
Paradise_Tanager_split_048.wav|Paradise_Tanager
Green_Jay_split_938.wav|Green_Jay
Black_billed_Thrush_split_521.wav|Black_billed_Thrush
Scarlet_Tanager_split_014.wav|Scarlet_Tanager
Red_breasted_Nuthatch_split_235.wav|Red_breasted_Nuthatch
Forest_Elaenia_split_159.wav|Forest_Elaenia
Long_tailed_Tit_split_2587.wav|Long_tailed_Tit
Black_crowned_Night_Heron_split_708.wav|Black_crowned_Night_Heron
Blue_gray_Tanager_split_437.wav|Blue_gray_Tanager
Pygmy_Antwren_split_211.wav|Pygmy_Antwren
Black_capped_Chickadee_split_1023.wav|Black_capped_Chickadee
Vesper_Sparrow_split_907.wav|Vesper_Sparrow
White_throated_Sparrow_split_1553.wav|White_throated_Sparrow
Bluish_gray_Saltator_split_558.wav|Bluish_gray_Saltator
Purple_throated_Euphonia_split_017.wav|Purple_throated_Euphonia
Yellow_margined_Flatbill_split_214.wav|Yellow_margined_Flatbill
Hermit_Thrush_split_575.wav|Hermit_Thrush
Japanese_Bush_Warbler_split_348.wav|Japanese_Bush_Warbler
Silver_beaked_Tanager_split_509.wav|Silver_beaked_Tanager
Short_toed_Treecreeper_split_096.wav|Short_toed_Treecreeper
Yellow_headed_Caracara_split_041.wav|Yellow_headed_Caracara
Barred_Owl_split_351.wav|Barred_Owl
Cedar_Waxwing_split_241.wav|Cedar_Waxwing
Lazuli_Bunting_split_260.wav|Lazuli_Bunting
Great_Tinamou_split_129.wav|Great_Tinamou
Forest_Elaenia_split_104.wav|Forest_Elaenia
Dusky_throated_Antshrike_split_174.wav|Dusky_throated_Antshrike
Piratic_Flycatcher_split_939.wav|Piratic_Flycatcher
Dusky_capped_Flycatcher_split_1336.wav|Dusky_capped_Flycatcher
Ruby_crowned_Kinglet_split_1742.wav|Ruby_crowned_Kinglet
Apapane_split_267.wav|Apapane
Dusky_capped_Greenlet_split_104.wav|Dusky_capped_Greenlet
Eastern_Kingbird_split_161.wav|Eastern_Kingbird
Bright_rumped_Attila_split_1333.wav|Bright_rumped_Attila
Great_Tit_split_1936.wav|Great_Tit
Dusky_throated_Antshrike_split_130.wav|Dusky_throated_Antshrike
Grayish_Mourner_split_101.wav|Grayish_Mourner
Blue_crowned_Trogon_split_121.wav|Blue_crowned_Trogon
Yellow_bellied_Sapsucker_split_113.wav|Yellow_bellied_Sapsucker
Western_Wood_Pewee_split_469.wav|Western_Wood_Pewee
Straight_billed_Woodcreeper_split_270.wav|Straight_billed_Woodcreeper
Yellow_rumped_Warbler_split_1034.wav|Yellow_rumped_Warbler
Crested_Lark_split_1555.wav|Crested_Lark
Undulated_Tinamou_split_005.wav|Undulated_Tinamou
Yellow_rumped_Cacique_split_815.wav|Yellow_rumped_Cacique
Blue_gray_Gnatcatcher_split_1417.wav|Blue_gray_Gnatcatcher
Warbling_Vireo_split_2056.wav|Warbling_Vireo
Coal_Tit_split_581.wav|Coal_Tit
Melodious_Blackbird_split_250.wav|Melodious_Blackbird
Gray_fronted_Dove_split_010.wav|Gray_fronted_Dove
Wood_Duck_split_069.wav|Wood_Duck
Yellow_billed_Cuckoo_split_501.wav|Yellow_billed_Cuckoo
Barred_Antshrike_split_1175.wav|Barred_Antshrike
Northern_House_Wren_split_004.wav|Northern_House_Wren
Black_crowned_Night_Heron_split_308.wav|Black_crowned_Night_Heron
Eastern_Kingbird_split_368.wav|Eastern_Kingbird
Rusty_Blackbird_split_454.wav|Rusty_Blackbird
Fasciated_Antshrike_split_722.wav|Fasciated_Antshrike
Gray_crowned_Flatbill_split_049.wav|Gray_crowned_Flatbill
Plumbeous_Antbird_split_256.wav|Plumbeous_Antbird
House_Finch_split_1115.wav|House_Finch
Wing_barred_Piprites_split_103.wav|Wing_barred_Piprites
Brown_headed_Cowbird_split_990.wav|Brown_headed_Cowbird
Blue_winged_Warbler_split_113.wav|Blue_winged_Warbler
Great_Antshrike_split_353.wav|Great_Antshrike
Eurasian_Blackbird_split_4675.wav|Eurasian_Blackbird
Yellow_margined_Flatbill_split_191.wav|Yellow_margined_Flatbill
Wood_Lark_split_1080.wav|Wood_Lark
American_Goldfinch_split_570.wav|American_Goldfinch
Wild_Turkey_split_259.wav|Wild_Turkey
California_Quail_split_025.wav|California_Quail
Amazonian_Barred_Woodcreeper_split_154.wav|Amazonian_Barred_Woodcreeper
Dusky_capped_Flycatcher_split_351.wav|Dusky_capped_Flycatcher
Eurasian_Bullfinch_split_2103.wav|Eurasian_Bullfinch
Gray_Catbird_split_1741.wav|Gray_Catbird
Blackburnian_Warbler_split_071.wav|Blackburnian_Warbler
Yellow_backed_Oriole_split_277.wav|Yellow_backed_Oriole
Band_tailed_Pigeon_split_088.wav|Band_tailed_Pigeon
Orange_chinned_Parakeet_split_084.wav|Orange_chinned_Parakeet
House_Sparrow_split_577.wav|House_Sparrow
Rusty_margined_Flycatcher_split_537.wav|Rusty_margined_Flycatcher
Downy_Woodpecker_split_051.wav|Downy_Woodpecker
Screaming_Piha_split_707.wav|Screaming_Piha
Yellow_margined_Flatbill_split_089.wav|Yellow_margined_Flatbill
Eurasian_Blue_Tit_split_222.wav|Eurasian_Blue_Tit
Black_chested_Jay_split_062.wav|Black_chested_Jay
Whiskered_Wren_split_703.wav|Whiskered_Wren
Tree_Swallow_split_321.wav|Tree_Swallow
Warbling_White_eye_split_272.wav|Warbling_White_eye
Spot_winged_Antshrike_split_071.wav|Spot_winged_Antshrike
House_Finch_split_093.wav|House_Finch
Green_backed_Trogon_split_178.wav|Green_backed_Trogon
Louisiana_Waterthrush_split_325.wav|Louisiana_Waterthrush
Cinereous_Tinamou_split_159.wav|Cinereous_Tinamou
Lineated_Woodpecker_split_198.wav|Lineated_Woodpecker
Common_Chaffinch_split_4744.wav|Common_Chaffinch
Eastern_Towhee_split_049.wav|Eastern_Towhee
Ruby_crowned_Kinglet_split_1880.wav|Ruby_crowned_Kinglet
Green_tailed_Towhee_split_569.wav|Green_tailed_Towhee
Black_throated_Gray_Warbler_split_094.wav|Black_throated_Gray_Warbler
Warbling_White_eye_split_339.wav|Warbling_White_eye
Dull_capped_Attila_split_064.wav|Dull_capped_Attila
Eurasian_Bullfinch_split_475.wav|Eurasian_Bullfinch
Plumbeous_Antbird_split_124.wav|Plumbeous_Antbird
Yellow_backed_Oriole_split_387.wav|Yellow_backed_Oriole
White_lored_Tyrannulet_split_216.wav|White_lored_Tyrannulet
Brown_headed_Cowbird_split_638.wav|Brown_headed_Cowbird
Buff_throated_Saltator_split_481.wav|Buff_throated_Saltator
Cinereous_Mourner_split_223.wav|Cinereous_Mourner
Ringed_Woodpecker_split_068.wav|Ringed_Woodpecker
Buff_breasted_Wren_split_870.wav|Buff_breasted_Wren
Rock_Sparrow_split_694.wav|Rock_Sparrow
Fasciated_Antshrike_split_588.wav|Fasciated_Antshrike
Western_Tanager_split_1276.wav|Western_Tanager
Boat_billed_Flycatcher_split_243.wav|Boat_billed_Flycatcher
Song_Thrush_split_019.wav|Song_Thrush
Montezuma_Oropendola_split_045.wav|Montezuma_Oropendola
Straight_billed_Woodcreeper_split_332.wav|Straight_billed_Woodcreeper
Common_Waxbill_split_238.wav|Common_Waxbill
Gilded_Barbet_split_033.wav|Gilded_Barbet
Hooded_Warbler_split_234.wav|Hooded_Warbler
Yellow_faced_Grassquit_split_167.wav|Yellow_faced_Grassquit
White_crested_Spadebill_split_264.wav|White_crested_Spadebill
Ringed_Woodpecker_split_076.wav|Ringed_Woodpecker
European_Greenfinch_split_2489.wav|European_Greenfinch
Laughing_Falcon_split_1148.wav|Laughing_Falcon
White_tipped_Dove_split_255.wav|White_tipped_Dove
Crested_Tit_split_495.wav|Crested_Tit
Ruby_crowned_Kinglet_split_1798.wav|Ruby_crowned_Kinglet
Eastern_Towhee_split_336.wav|Eastern_Towhee
European_Goldfinch_split_2435.wav|European_Goldfinch
Common_Chiffchaff_split_899.wav|Common_Chiffchaff
Orange_fronted_Parakeet_split_110.wav|Orange_fronted_Parakeet
Bobolink_split_752.wav|Bobolink
Amazonian_Pygmy_Owl_split_126.wav|Amazonian_Pygmy_Owl
Common_Yellowthroat_split_1332.wav|Common_Yellowthroat
Rufous_and_white_Wren_split_366.wav|Rufous_and_white_Wren
Blue_Jay_split_1341.wav|Blue_Jay
Buff_throated_Woodcreeper_split_772.wav|Buff_throated_Woodcreeper
White_crested_Spadebill_split_239.wav|White_crested_Spadebill
Dusky_capped_Greenlet_split_126.wav|Dusky_capped_Greenlet
Spot_winged_Antshrike_split_147.wav|Spot_winged_Antshrike
Black_billed_Thrush_split_561.wav|Black_billed_Thrush
Canada_Goose_split_301.wav|Canada_Goose
Pale_vented_Pigeon_split_132.wav|Pale_vented_Pigeon
Dusky_throated_Antshrike_split_249.wav|Dusky_throated_Antshrike
House_Finch_split_1207.wav|House_Finch
European_Serin_split_277.wav|European_Serin
Lazuli_Bunting_split_637.wav|Lazuli_Bunting
Rufous_breasted_Wren_split_115.wav|Rufous_breasted_Wren
Louisiana_Waterthrush_split_250.wav|Louisiana_Waterthrush
Keel_billed_Toucan_split_173.wav|Keel_billed_Toucan
Ochre_throated_Foliage_gleaner_split_081.wav|Ochre_throated_Foliage_gleaner
Andean_Emerald_split_047.wav|Andean_Emerald
Yellow_fronted_Canary_split_131.wav|Yellow_fronted_Canary
Coal_Tit_split_3015.wav|Coal_Tit
Rufous_collared_Sparrow_split_1949.wav|Rufous_collared_Sparrow
Lazuli_Bunting_split_898.wav|Lazuli_Bunting
Blue_headed_Vireo_split_010.wav|Blue_headed_Vireo
Golden_crowned_Spadebill_split_209.wav|Golden_crowned_Spadebill
Mountain_Quail_split_044.wav|Mountain_Quail
Cirl_Bunting_split_731.wav|Cirl_Bunting
Wood_Thrush_split_067.wav|Wood_Thrush
Eurasian_Nuthatch_split_952.wav|Eurasian_Nuthatch
Rock_Sparrow_split_705.wav|Rock_Sparrow
Common_Grackle_split_533.wav|Common_Grackle
Zitting_Cisticola_split_1555.wav|Zitting_Cisticola
Olivaceous_Woodcreeper_split_402.wav|Olivaceous_Woodcreeper
Northern_Flicker_split_487.wav|Northern_Flicker
White_bellied_Tody_Tyrant_split_061.wav|White_bellied_Tody_Tyrant
Bluish_gray_Saltator_split_083.wav|Bluish_gray_Saltator
Tennessee_Warbler_split_876.wav|Tennessee_Warbler
Black_crowned_Night_Heron_split_876.wav|Black_crowned_Night_Heron
Ring_billed_Gull_split_089.wav|Ring_billed_Gull
Speckled_Chachalaca_split_051.wav|Speckled_Chachalaca
Great_Blue_Heron_split_171.wav|Great_Blue_Heron
Tropical_Kingbird_split_1014.wav|Tropical_Kingbird
Eurasian_Blackbird_split_1469.wav|Eurasian_Blackbird
Eurasian_Jay_split_2451.wav|Eurasian_Jay
Eastern_Bluebird_split_040.wav|Eastern_Bluebird
Rufous_capped_Warbler_split_236.wav|Rufous_capped_Warbler
Killdeer_split_158.wav|Killdeer
Ring_billed_Gull_split_010.wav|Ring_billed_Gull
Cinnamon_throated_Woodcreeper_split_022.wav|Cinnamon_throated_Woodcreeper
Eurasian_Linnet_split_2377.wav|Eurasian_Linnet
Eurasian_Blackbird_split_3922.wav|Eurasian_Blackbird
Elegant_Woodcreeper_split_130.wav|Elegant_Woodcreeper
Masked_Tityra_split_028.wav|Masked_Tityra
Crested_Tit_split_927.wav|Crested_Tit
Undulated_Tinamou_split_014.wav|Undulated_Tinamou
Swamp_Sparrow_split_160.wav|Swamp_Sparrow
Barred_Forest_Falcon_split_620.wav|Barred_Forest_Falcon
Short_toed_Treecreeper_split_855.wav|Short_toed_Treecreeper
White_throated_Sparrow_split_735.wav|White_throated_Sparrow
Little_Tinamou_split_290.wav|Little_Tinamou
Montezuma_Oropendola_split_128.wav|Montezuma_Oropendola
Forest_Elaenia_split_109.wav|Forest_Elaenia
American_Woodcock_split_265.wav|American_Woodcock
Russet_backed_Oropendola_split_1003.wav|Russet_backed_Oropendola
Eastern_Towhee_split_526.wav|Eastern_Towhee
Solitary_Sandpiper_split_041.wav|Solitary_Sandpiper
Northern_Waterthrush_split_555.wav|Northern_Waterthrush
Yellow_faced_Grassquit_split_220.wav|Yellow_faced_Grassquit
Red_crowned_Ant_Tanager_split_627.wav|Red_crowned_Ant_Tanager
Common_Buzzard_split_762.wav|Common_Buzzard
Horned_Screamer_split_013.wav|Horned_Screamer
Yellow_margined_Flatbill_split_168.wav|Yellow_margined_Flatbill
Rock_Wren_split_681.wav|Rock_Wren
Pine_Siskin_split_398.wav|Pine_Siskin
White_flanked_Antwren_split_459.wav|White_flanked_Antwren
Pale_vented_Pigeon_split_050.wav|Pale_vented_Pigeon
Rock_Wren_split_241.wav|Rock_Wren
California_Quail_split_403.wav|California_Quail
White_throated_Sparrow_split_898.wav|White_throated_Sparrow
Pale_vented_Pigeon_split_110.wav|Pale_vented_Pigeon
Speckled_Chachalaca_split_200.wav|Speckled_Chachalaca
Piratic_Flycatcher_split_771.wav|Piratic_Flycatcher
White_breasted_Nuthatch_split_717.wav|White_breasted_Nuthatch
Yellow_headed_Caracara_split_064.wav|Yellow_headed_Caracara
Black_capped_Becard_split_034.wav|Black_capped_Becard
Black_fronted_Nunbird_split_060.wav|Black_fronted_Nunbird
Ringed_Antpipit_split_172.wav|Ringed_Antpipit
Belted_Kingfisher_split_110.wav|Belted_Kingfisher
Eurasian_Blue_Tit_split_3441.wav|Eurasian_Blue_Tit
Band_tailed_Pigeon_split_125.wav|Band_tailed_Pigeon
Wood_Duck_split_003.wav|Wood_Duck
Northern_Cardinal_split_2673.wav|Northern_Cardinal
Andean_Emerald_split_092.wav|Andean_Emerald
Song_Thrush_split_4170.wav|Song_Thrush
Rufous_breasted_Wren_split_253.wav|Rufous_breasted_Wren
Collared_Trogon_split_278.wav|Collared_Trogon
Blue_headed_Vireo_split_139.wav|Blue_headed_Vireo
Black_headed_Grosbeak_split_1919.wav|Black_headed_Grosbeak
Eastern_Phoebe_split_536.wav|Eastern_Phoebe
Ruby_crowned_Kinglet_split_1649.wav|Ruby_crowned_Kinglet
Eastern_Bluebird_split_024.wav|Eastern_Bluebird
Tropical_Kingbird_split_684.wav|Tropical_Kingbird
Russet_backed_Oropendola_split_274.wav|Russet_backed_Oropendola
Gray_cowled_Wood_Rail_split_160.wav|Gray_cowled_Wood_Rail
Mourning_Dove_split_493.wav|Mourning_Dove
Red_winged_Blackbird_split_814.wav|Red_winged_Blackbird
Black_and_white_Warbler_split_700.wav|Black_and_white_Warbler
Little_Woodpecker_split_003.wav|Little_Woodpecker
Spot_winged_Antshrike_split_041.wav|Spot_winged_Antshrike
Red_shouldered_Hawk_split_021.wav|Red_shouldered_Hawk
Olive_sided_Flycatcher_split_431.wav|Olive_sided_Flycatcher
Apapane_split_034.wav|Apapane
Roadside_Hawk_split_405.wav|Roadside_Hawk
Yellow_throated_Euphonia_split_064.wav|Yellow_throated_Euphonia
Ovenbird_split_031.wav|Ovenbird
White_throated_Toucan_split_597.wav|White_throated_Toucan
Common_Grackle_split_445.wav|Common_Grackle
Bluish_gray_Saltator_split_476.wav|Bluish_gray_Saltator
Ruddy_Pigeon_split_202.wav|Ruddy_Pigeon
Orange_billed_Nightingale_Thrush_split_890.wav|Orange_billed_Nightingale_Thrush
Pale_vented_Pigeon_split_031.wav|Pale_vented_Pigeon
Black_tailed_Trogon_split_159.wav|Black_tailed_Trogon
Wood_Lark_split_3253.wav|Wood_Lark
Clay_colored_Thrush_split_892.wav|Clay_colored_Thrush
Yellow_rumped_Warbler_split_808.wav|Yellow_rumped_Warbler
Chestnut_backed_Chickadee_split_070.wav|Chestnut_backed_Chickadee
European_Turtle_Dove_split_454.wav|European_Turtle_Dove
European_Goldfinch_split_103.wav|European_Goldfinch
Orange_fronted_Parakeet_split_009.wav|Orange_fronted_Parakeet
Common_Tody_Flycatcher_split_268.wav|Common_Tody_Flycatcher
Melodious_Warbler_split_2786.wav|Melodious_Warbler
Eurasian_Jay_split_801.wav|Eurasian_Jay
Gilded_Barbet_split_008.wav|Gilded_Barbet
Plain_brown_Woodcreeper_split_001.wav|Plain_brown_Woodcreeper
Killdeer_split_038.wav|Killdeer
Belted_Kingfisher_split_011.wav|Belted_Kingfisher
Crested_Lark_split_532.wav|Crested_Lark
White_crowned_Sparrow_split_1613.wav|White_crowned_Sparrow
Buff_throated_Woodcreeper_split_225.wav|Buff_throated_Woodcreeper
Cedar_Waxwing_split_301.wav|Cedar_Waxwing
Gray_Hawk_split_278.wav|Gray_Hawk
Purple_throated_Fruitcrow_split_347.wav|Purple_throated_Fruitcrow
Eastern_Bluebird_split_621.wav|Eastern_Bluebird
Tropical_Kingbird_split_554.wav|Tropical_Kingbird
Bright_rumped_Attila_split_978.wav|Bright_rumped_Attila
Eurasian_Golden_Oriole_split_2260.wav|Eurasian_Golden_Oriole
Ruddy_Quail_Dove_split_043.wav|Ruddy_Quail_Dove
Common_Wood_Pigeon_split_1142.wav|Common_Wood_Pigeon
Wood_Lark_split_454.wav|Wood_Lark
Song_Thrush_split_6262.wav|Song_Thrush
Baltimore_Oriole_split_540.wav|Baltimore_Oriole
Green_Jay_split_487.wav|Green_Jay
Crested_Lark_split_1195.wav|Crested_Lark
Green_tailed_Towhee_split_281.wav|Green_tailed_Towhee
Olivaceous_Woodcreeper_split_674.wav|Olivaceous_Woodcreeper
Band_tailed_Manakin_split_081.wav|Band_tailed_Manakin
Red_necked_Woodpecker_split_067.wav|Red_necked_Woodpecker
Vesper_Sparrow_split_1030.wav|Vesper_Sparrow
Blue_crowned_Trogon_split_103.wav|Blue_crowned_Trogon
Great_Tit_split_4508.wav|Great_Tit
Chestnut_sided_Warbler_split_596.wav|Chestnut_sided_Warbler
Red_winged_Blackbird_split_844.wav|Red_winged_Blackbird
Lineated_Woodpecker_split_022.wav|Lineated_Woodpecker
Vesper_Sparrow_split_1201.wav|Vesper_Sparrow
Eastern_Phoebe_split_470.wav|Eastern_Phoebe
White_throated_Toucan_split_468.wav|White_throated_Toucan
Rufous_capped_Antthrush_split_478.wav|Rufous_capped_Antthrush
Dartford_Warbler_split_551.wav|Dartford_Warbler
Ring_billed_Gull_split_106.wav|Ring_billed_Gull
Chukar_split_149.wav|Chukar
Hairy_Woodpecker_split_355.wav|Hairy_Woodpecker
Chukar_split_127.wav|Chukar
Eastern_Bluebird_split_456.wav|Eastern_Bluebird
Red_eyed_Vireo_split_1629.wav|Red_eyed_Vireo
Red_bellied_Woodpecker_split_035.wav|Red_bellied_Woodpecker
Chukar_split_054.wav|Chukar
Common_Buzzard_split_1059.wav|Common_Buzzard
Tropical_Kingbird_split_282.wav|Tropical_Kingbird
American_Crow_split_269.wav|American_Crow
Rock_Sparrow_split_393.wav|Rock_Sparrow
White_necked_Thrush_split_615.wav|White_necked_Thrush
Yellow_faced_Grassquit_split_077.wav|Yellow_faced_Grassquit
Rufous_breasted_Wren_split_350.wav|Rufous_breasted_Wren
Pale_vented_Pigeon_split_154.wav|Pale_vented_Pigeon
Mealy_Amazon_split_064.wav|Mealy_Amazon
Cirl_Bunting_split_1369.wav|Cirl_Bunting
Melodious_Blackbird_split_246.wav|Melodious_Blackbird
Sardinian_Warbler_split_1981.wav|Sardinian_Warbler
Blue_Jay_split_656.wav|Blue_Jay
Fasciated_Antshrike_split_307.wav|Fasciated_Antshrike
Keel_billed_Toucan_split_133.wav|Keel_billed_Toucan
Common_Chiffchaff_split_1617.wav|Common_Chiffchaff
Black_fronted_Nunbird_split_186.wav|Black_fronted_Nunbird
Streaked_Xenops_split_190.wav|Streaked_Xenops
White_breasted_Nuthatch_split_2062.wav|White_breasted_Nuthatch
Rufous_capped_Warbler_split_157.wav|Rufous_capped_Warbler
White_fronted_Amazon_split_199.wav|White_fronted_Amazon
Russet_backed_Oropendola_split_906.wav|Russet_backed_Oropendola
Olive_sided_Flycatcher_split_293.wav|Olive_sided_Flycatcher
Carolina_Wren_split_1504.wav|Carolina_Wren
Eurasian_Linnet_split_091.wav|Eurasian_Linnet
Black_spotted_Bare_eye_split_025.wav|Black_spotted_Bare_eye
Eurasian_Wryneck_split_2416.wav|Eurasian_Wryneck
Gray_Catbird_split_1509.wav|Gray_Catbird
Amazonian_Grosbeak_split_378.wav|Amazonian_Grosbeak
Eurasian_Nuthatch_split_2362.wav|Eurasian_Nuthatch
Barred_Owl_split_329.wav|Barred_Owl
Pileated_Woodpecker_split_275.wav|Pileated_Woodpecker
Black_Francolin_split_070.wav|Black_Francolin
Short_toed_Treecreeper_split_2210.wav|Short_toed_Treecreeper
Chestnut_capped_Brushfinch_split_203.wav|Chestnut_capped_Brushfinch
Speckled_Chachalaca_split_120.wav|Speckled_Chachalaca
Tennessee_Warbler_split_426.wav|Tennessee_Warbler
Boat_billed_Flycatcher_split_765.wav|Boat_billed_Flycatcher
Barred_Owl_split_066.wav|Barred_Owl
Rufous_capped_Warbler_split_215.wav|Rufous_capped_Warbler
Black_throated_Gray_Warbler_split_649.wav|Black_throated_Gray_Warbler
Blue_Ground_Dove_split_023.wav|Blue_Ground_Dove
Mourning_Dove_split_067.wav|Mourning_Dove
House_Sparrow_split_643.wav|House_Sparrow
Black_spotted_Bare_eye_split_156.wav|Black_spotted_Bare_eye
Carrion_Crow_split_1834.wav|Carrion_Crow
Black_headed_Grosbeak_split_2284.wav|Black_headed_Grosbeak
Green_Ibis_split_131.wav|Green_Ibis
Brown_headed_Cowbird_split_888.wav|Brown_headed_Cowbird
Eurasian_Linnet_split_1932.wav|Eurasian_Linnet
Masked_Tityra_split_085.wav|Masked_Tityra
Amazonian_Motmot_split_011.wav|Amazonian_Motmot
Yellow_throated_Vireo_split_333.wav|Yellow_throated_Vireo
Blue_gray_Gnatcatcher_split_1749.wav|Blue_gray_Gnatcatcher
Eurasian_Blackbird_split_186.wav|Eurasian_Blackbird
Buff_throated_Saltator_split_527.wav|Buff_throated_Saltator
White_necked_Thrush_split_367.wav|White_necked_Thrush
Mountain_Quail_split_018.wav|Mountain_Quail
Rufous_and_white_Wren_split_067.wav|Rufous_and_white_Wren
Bright_rumped_Attila_split_192.wav|Bright_rumped_Attila
Blue_Ground_Dove_split_107.wav|Blue_Ground_Dove
Horned_Screamer_split_038.wav|Horned_Screamer
Blue_gray_Gnatcatcher_split_052.wav|Blue_gray_Gnatcatcher
American_Crow_split_1358.wav|American_Crow
Nashville_Warbler_split_532.wav|Nashville_Warbler
Thrush_like_Wren_split_087.wav|Thrush_like_Wren
Amazonian_Trogon_split_056.wav|Amazonian_Trogon
Long_tailed_Manakin_split_255.wav|Long_tailed_Manakin
Common_Pauraque_split_711.wav|Common_Pauraque
Amazonian_Pygmy_Owl_split_150.wav|Amazonian_Pygmy_Owl
Scaled_Pigeon_split_041.wav|Scaled_Pigeon
Amazonian_Trogon_split_026.wav|Amazonian_Trogon
European_Serin_split_1061.wav|European_Serin
Swamp_Sparrow_split_668.wav|Swamp_Sparrow
Gray_fronted_Dove_split_315.wav|Gray_fronted_Dove
Great_Kiskadee_split_378.wav|Great_Kiskadee
Pine_Siskin_split_691.wav|Pine_Siskin
Great_Spotted_Woodpecker_split_1025.wav|Great_Spotted_Woodpecker
Purple_Finch_split_670.wav|Purple_Finch
Orange_chinned_Parakeet_split_051.wav|Orange_chinned_Parakeet
Green_tailed_Towhee_split_308.wav|Green_tailed_Towhee
Gray_Wagtail_split_1164.wav|Gray_Wagtail
Melodious_Blackbird_split_171.wav|Melodious_Blackbird
Great_Blue_Heron_split_081.wav|Great_Blue_Heron
Roadside_Hawk_split_424.wav|Roadside_Hawk
European_Turtle_Dove_split_697.wav|European_Turtle_Dove
Great_Kiskadee_split_1161.wav|Great_Kiskadee
Spotted_Sandpiper_split_186.wav|Spotted_Sandpiper
Black_chested_Jay_split_210.wav|Black_chested_Jay
Scarlet_Tanager_split_241.wav|Scarlet_Tanager
Grayish_Mourner_split_088.wav|Grayish_Mourner
Common_Wood_Pigeon_split_202.wav|Common_Wood_Pigeon
Cirl_Bunting_split_1111.wav|Cirl_Bunting
Yellow_backed_Oriole_split_028.wav|Yellow_backed_Oriole
Tufted_Titmouse_split_381.wav|Tufted_Titmouse
Wood_Thrush_split_1478.wav|Wood_Thrush
Spot_winged_Antshrike_split_056.wav|Spot_winged_Antshrike
Eurasian_Collared_Dove_split_1095.wav|Eurasian_Collared_Dove
Russet_crowned_Warbler_split_188.wav|Russet_crowned_Warbler
Eurasian_Skylark_split_1075.wav|Eurasian_Skylark
Northern_Flicker_split_419.wav|Northern_Flicker
Ruddy_Pigeon_split_221.wav|Ruddy_Pigeon
Common_Firecrest_split_2498.wav|Common_Firecrest
Lazuli_Bunting_split_1026.wav|Lazuli_Bunting
Common_Potoo_split_147.wav|Common_Potoo
Colombian_Chachalaca_split_053.wav|Colombian_Chachalaca
Common_Grackle_split_409.wav|Common_Grackle
Black_headed_Saltator_split_107.wav|Black_headed_Saltator
Gray_Hawk_split_070.wav|Gray_Hawk
Sardinian_Warbler_split_2193.wav|Sardinian_Warbler
Black_tailed_Trogon_split_051.wav|Black_tailed_Trogon
Gilded_Barbet_split_056.wav|Gilded_Barbet
Brown_Creeper_split_1458.wav|Brown_Creeper
Nashville_Warbler_split_250.wav|Nashville_Warbler
Rusty_Blackbird_split_440.wav|Rusty_Blackbird
House_Sparrow_split_1553.wav|House_Sparrow
Long_winged_Antwren_split_212.wav|Long_winged_Antwren
Striped_Cuckoo_split_478.wav|Striped_Cuckoo
White_throated_Toucan_split_850.wav|White_throated_Toucan
Tree_Pipit_split_2662.wav|Tree_Pipit
White_flanked_Antwren_split_226.wav|White_flanked_Antwren
Tropical_Screech_Owl_split_048.wav|Tropical_Screech_Owl
Black_throated_Gray_Warbler_split_736.wav|Black_throated_Gray_Warbler
Keel_billed_Toucan_split_253.wav|Keel_billed_Toucan
European_Goldfinch_split_2747.wav|European_Goldfinch
Clay_colored_Thrush_split_616.wav|Clay_colored_Thrush
Dark_eyed_Junco_split_1302.wav|Dark_eyed_Junco
Black_Caracara_split_051.wav|Black_Caracara
Marsh_Tit_split_321.wav|Marsh_Tit
Thrush_like_Wren_split_415.wav|Thrush_like_Wren
Common_Raven_split_3700.wav|Common_Raven
Common_Yellowthroat_split_1229.wav|Common_Yellowthroat
Black_billed_Thrush_split_274.wav|Black_billed_Thrush
Eurasian_Bullfinch_split_957.wav|Eurasian_Bullfinch
Hairy_Woodpecker_split_340.wav|Hairy_Woodpecker
Spotted_Sandpiper_split_042.wav|Spotted_Sandpiper
American_Crow_split_1454.wav|American_Crow
Spotted_Towhee_split_740.wav|Spotted_Towhee
Red_eyed_Vireo_split_942.wav|Red_eyed_Vireo
Brown_Jay_split_153.wav|Brown_Jay
Red_Crossbill_split_2299.wav|Red_Crossbill
Scarlet_Tanager_split_737.wav|Scarlet_Tanager
Orange_crowned_Warbler_split_577.wav|Orange_crowned_Warbler
Golden_crowned_Kinglet_split_740.wav|Golden_crowned_Kinglet
Laughing_Falcon_split_761.wav|Laughing_Falcon
Red_winged_Blackbird_split_1294.wav|Red_winged_Blackbird
Long_tailed_Tit_split_1502.wav|Long_tailed_Tit
Gray_Antbird_split_601.wav|Gray_Antbird
Streaked_Saltator_split_007.wav|Streaked_Saltator
Gray_Catbird_split_355.wav|Gray_Catbird
Little_Tinamou_split_453.wav|Little_Tinamou
Golden_crowned_Spadebill_split_305.wav|Golden_crowned_Spadebill
Black_capped_Chickadee_split_142.wav|Black_capped_Chickadee
White_crested_Spadebill_split_243.wav|White_crested_Spadebill
Yellow_billed_Cuckoo_split_591.wav|Yellow_billed_Cuckoo
Snow_Goose_split_241.wav|Snow_Goose
Golden_crowned_Spadebill_split_315.wav|Golden_crowned_Spadebill
Blue_crowned_Trogon_split_122.wav|Blue_crowned_Trogon
Rufous_capped_Warbler_split_514.wav|Rufous_capped_Warbler
Montezuma_Oropendola_split_306.wav|Montezuma_Oropendola
Cobalt_winged_Parakeet_split_146.wav|Cobalt_winged_Parakeet
Orange_chinned_Parakeet_split_024.wav|Orange_chinned_Parakeet
Common_Waxbill_split_648.wav|Common_Waxbill
Red_shouldered_Hawk_split_084.wav|Red_shouldered_Hawk
Gray_Catbird_split_1267.wav|Gray_Catbird
Eurasian_Wren_split_2711.wav|Eurasian_Wren
Andean_Emerald_split_114.wav|Andean_Emerald
Dusky_Flycatcher_split_230.wav|Dusky_Flycatcher
Social_Flycatcher_split_203.wav|Social_Flycatcher
Cinereous_Mourner_split_213.wav|Cinereous_Mourner
Red_breasted_Nuthatch_split_023.wav|Red_breasted_Nuthatch
Japanese_Bush_Warbler_split_107.wav|Japanese_Bush_Warbler
Eastern_Towhee_split_398.wav|Eastern_Towhee
Hermit_Thrush_split_2264.wav|Hermit_Thrush
Northern_Flicker_split_789.wav|Northern_Flicker
Carrion_Crow_split_1725.wav|Carrion_Crow
Red_bellied_Woodpecker_split_277.wav|Red_bellied_Woodpecker
Laughing_Falcon_split_069.wav|Laughing_Falcon
Pileated_Woodpecker_split_312.wav|Pileated_Woodpecker
Melodious_Blackbird_split_255.wav|Melodious_Blackbird
Common_Chiffchaff_split_1691.wav|Common_Chiffchaff
Red_Crossbill_split_2439.wav|Red_Crossbill
Wing_barred_Piprites_split_061.wav|Wing_barred_Piprites
Musician_Wren_split_415.wav|Musician_Wren
Yellow_headed_Caracara_split_122.wav|Yellow_headed_Caracara
Bananaquit_split_1395.wav|Bananaquit
Common_Chaffinch_split_5780.wav|Common_Chaffinch
Fox_Sparrow_split_559.wav|Fox_Sparrow
Rusty_fronted_Tody_Flycatcher_split_066.wav|Rusty_fronted_Tody_Flycatcher
Eurasian_Linnet_split_820.wav|Eurasian_Linnet
Veery_split_041.wav|Veery
Eurasian_Magpie_split_1487.wav|Eurasian_Magpie
Eurasian_Golden_Oriole_split_4013.wav|Eurasian_Golden_Oriole
Tufted_Titmouse_split_1376.wav|Tufted_Titmouse
Buff_throated_Woodcreeper_split_194.wav|Buff_throated_Woodcreeper
Forest_Elaenia_split_158.wav|Forest_Elaenia
Cinnamon_throated_Woodcreeper_split_102.wav|Cinnamon_throated_Woodcreeper
Gray_crowned_Flatbill_split_173.wav|Gray_crowned_Flatbill
Golden_faced_Tyrannulet_split_440.wav|Golden_faced_Tyrannulet
Purple_throated_Euphonia_split_526.wav|Purple_throated_Euphonia
Carolina_Wren_split_819.wav|Carolina_Wren
Plumbeous_Antbird_split_270.wav|Plumbeous_Antbird
Band_tailed_Pigeon_split_223.wav|Band_tailed_Pigeon
Tundra_Swan_split_185.wav|Tundra_Swan
Wild_Turkey_split_147.wav|Wild_Turkey
Yellow_fronted_Canary_split_297.wav|Yellow_fronted_Canary
Apapane_split_096.wav|Apapane
Amazonian_Grosbeak_split_240.wav|Amazonian_Grosbeak
Common_Chaffinch_split_4099.wav|Common_Chaffinch
Striped_Cuckoo_split_107.wav|Striped_Cuckoo
Streaked_Xenops_split_130.wav|Streaked_Xenops
Western_Tanager_split_109.wav|Western_Tanager
European_Greenfinch_split_2407.wav|European_Greenfinch
Crested_Tit_split_1815.wav|Crested_Tit
Tundra_Swan_split_067.wav|Tundra_Swan
Yellow_tufted_Woodpecker_split_033.wav|Yellow_tufted_Woodpecker
Yellow_fronted_Canary_split_123.wav|Yellow_fronted_Canary
Yellow_throated_Vireo_split_126.wav|Yellow_throated_Vireo
Plumbeous_Antbird_split_223.wav|Plumbeous_Antbird
Eurasian_Wren_split_3687.wav|Eurasian_Wren
Eurasian_Wren_split_4435.wav|Eurasian_Wren
European_Goldfinch_split_123.wav|European_Goldfinch
Louisiana_Waterthrush_split_714.wav|Louisiana_Waterthrush
Black_Francolin_split_019.wav|Black_Francolin
Swamp_Sparrow_split_422.wav|Swamp_Sparrow
Pileated_Woodpecker_split_302.wav|Pileated_Woodpecker
Piratic_Flycatcher_split_373.wav|Piratic_Flycatcher
Spotted_Flycatcher_split_500.wav|Spotted_Flycatcher
Hermit_Warbler_split_259.wav|Hermit_Warbler
White_breasted_Nuthatch_split_693.wav|White_breasted_Nuthatch
Little_Woodpecker_split_028.wav|Little_Woodpecker
Eurasian_Skylark_split_612.wav|Eurasian_Skylark
Mountain_Chickadee_split_971.wav|Mountain_Chickadee
Eurasian_Wryneck_split_1866.wav|Eurasian_Wryneck
Apapane_split_055.wav|Apapane
Wing_barred_Piprites_split_107.wav|Wing_barred_Piprites
Great_tailed_Grackle_split_1911.wav|Great_tailed_Grackle
Red_necked_Woodpecker_split_040.wav|Red_necked_Woodpecker
Yellow_bellied_Elaenia_split_437.wav|Yellow_bellied_Elaenia
Apapane_split_159.wav|Apapane
Black_fronted_Nunbird_split_288.wav|Black_fronted_Nunbird
Melodious_Blackbird_split_007.wav|Melodious_Blackbird
Red_crowned_Ant_Tanager_split_828.wav|Red_crowned_Ant_Tanager
Dark_eyed_Junco_split_1652.wav|Dark_eyed_Junco
American_Redstart_split_591.wav|American_Redstart
Rock_Wren_split_002.wav|Rock_Wren
White_tipped_Dove_split_138.wav|White_tipped_Dove
Masked_Tityra_split_194.wav|Masked_Tityra
European_Turtle_Dove_split_284.wav|European_Turtle_Dove
Yellow_faced_Grassquit_split_103.wav|Yellow_faced_Grassquit
Crested_Tit_split_522.wav|Crested_Tit
Gray_Hawk_split_121.wav|Gray_Hawk
Blue_headed_Vireo_split_076.wav|Blue_headed_Vireo
Blue_winged_Warbler_split_267.wav|Blue_winged_Warbler
Common_Firecrest_split_621.wav|Common_Firecrest
Eurasian_Blackcap_split_2311.wav|Eurasian_Blackcap
Great_Kiskadee_split_466.wav|Great_Kiskadee
Ruddy_Pigeon_split_005.wav|Ruddy_Pigeon
Wood_Lark_split_1271.wav|Wood_Lark
Bobolink_split_554.wav|Bobolink
Bananaquit_split_228.wav|Bananaquit
Ferruginous_Pygmy_Owl_split_185.wav|Ferruginous_Pygmy_Owl
Great_Antshrike_split_634.wav|Great_Antshrike
Dull_capped_Attila_split_114.wav|Dull_capped_Attila
Slate_throated_Redstart_split_454.wav|Slate_throated_Redstart
House_Sparrow_split_1450.wav|House_Sparrow
Ruby_crowned_Kinglet_split_1578.wav|Ruby_crowned_Kinglet
Gray_crowned_Flatbill_split_354.wav|Gray_crowned_Flatbill
Dusky_capped_Flycatcher_split_640.wav|Dusky_capped_Flycatcher
Black_chested_Jay_split_469.wav|Black_chested_Jay
Forest_Elaenia_split_095.wav|Forest_Elaenia
Yellow_tufted_Woodpecker_split_075.wav|Yellow_tufted_Woodpecker
European_Goldfinch_split_187.wav|European_Goldfinch
White_crowned_Sparrow_split_2486.wav|White_crowned_Sparrow
Gray_Antwren_split_264.wav|Gray_Antwren
Pygmy_Antwren_split_009.wav|Pygmy_Antwren
Great_Tit_split_4277.wav|Great_Tit
Social_Flycatcher_split_231.wav|Social_Flycatcher
Blue_Ground_Dove_split_103.wav|Blue_Ground_Dove
Eurasian_Magpie_split_1532.wav|Eurasian_Magpie
Pygmy_Antwren_split_106.wav|Pygmy_Antwren
Ovenbird_split_176.wav|Ovenbird
American_Redstart_split_482.wav|American_Redstart
Common_Pauraque_split_799.wav|Common_Pauraque
Amazonian_Trogon_split_119.wav|Amazonian_Trogon
Black_billed_Thrush_split_818.wav|Black_billed_Thrush
Brown_Jay_split_026.wav|Brown_Jay
Ochre_throated_Foliage_gleaner_split_249.wav|Ochre_throated_Foliage_gleaner
Paradise_Tanager_split_072.wav|Paradise_Tanager
Blue_winged_Warbler_split_221.wav|Blue_winged_Warbler
Little_Tinamou_split_545.wav|Little_Tinamou
European_Starling_split_1708.wav|European_Starling
Northern_Waterthrush_split_036.wav|Northern_Waterthrush
Buff_breasted_Wren_split_1109.wav|Buff_breasted_Wren
Plain_throated_Antwren_split_185.wav|Plain_throated_Antwren
Eurasian_Blue_Tit_split_2398.wav|Eurasian_Blue_Tit
Paradise_Tanager_split_065.wav|Paradise_Tanager
Straight_billed_Woodcreeper_split_506.wav|Straight_billed_Woodcreeper
European_Robin_split_4182.wav|European_Robin
Whiskered_Wren_split_233.wav|Whiskered_Wren
Buff_breasted_Wren_split_968.wav|Buff_breasted_Wren
European_Starling_split_3862.wav|European_Starling
Amazonian_Barred_Woodcreeper_split_203.wav|Amazonian_Barred_Woodcreeper
Black_tailed_Trogon_split_433.wav|Black_tailed_Trogon
Collared_Forest_Falcon_split_642.wav|Collared_Forest_Falcon
Mallard_split_196.wav|Mallard
Plumbeous_Pigeon_split_521.wav|Plumbeous_Pigeon
Speckled_Chachalaca_split_014.wav|Speckled_Chachalaca
White_winged_Becard_split_316.wav|White_winged_Becard
Whiskered_Wren_split_510.wav|Whiskered_Wren
Tawny_bellied_Screech_Owl_split_544.wav|Tawny_bellied_Screech_Owl
Black_capped_Becard_split_046.wav|Black_capped_Becard
Purple_Finch_split_1113.wav|Purple_Finch
Colombian_Chachalaca_split_281.wav|Colombian_Chachalaca
Great_Crested_Flycatcher_split_1156.wav|Great_Crested_Flycatcher
Plain_throated_Antwren_split_127.wav|Plain_throated_Antwren
Purple_throated_Fruitcrow_split_313.wav|Purple_throated_Fruitcrow
Paradise_Tanager_split_010.wav|Paradise_Tanager
Common_Buzzard_split_587.wav|Common_Buzzard
White_crowned_Sparrow_split_156.wav|White_crowned_Sparrow
Eurasian_Nuthatch_split_962.wav|Eurasian_Nuthatch
Lineated_Woodpecker_split_086.wav|Lineated_Woodpecker
Buff_throated_Woodcreeper_split_294.wav|Buff_throated_Woodcreeper
Dusky_throated_Antshrike_split_297.wav|Dusky_throated_Antshrike
Amazonian_Pygmy_Owl_split_152.wav|Amazonian_Pygmy_Owl
Plain_brown_Woodcreeper_split_358.wav|Plain_brown_Woodcreeper
Song_Sparrow_split_2655.wav|Song_Sparrow
Slate_throated_Redstart_split_276.wav|Slate_throated_Redstart
Solitary_Sandpiper_split_092.wav|Solitary_Sandpiper
Red_breasted_Nuthatch_split_138.wav|Red_breasted_Nuthatch
Green_Ibis_split_187.wav|Green_Ibis
Rufous_and_white_Wren_split_412.wav|Rufous_and_white_Wren
